Component: ARM Compiler 5.06 update 6 (build 750) Tool: armlink [4d35ed]

==============================================================================

Section Cross References

    system_msp432p401r.o(i.SystemCoreClockUpdate) refers to system_msp432p401r.o(.data) for .data
    startup_msp432p401r_uvision.o(RESET) refers to startup_msp432p401r_uvision.o(STACK) for __initial_sp
    startup_msp432p401r_uvision.o(RESET) refers to startup_msp432p401r_uvision.o(.text) for Reset_Handler
    startup_msp432p401r_uvision.o(RESET) refers to tima.o(i.TA0_0_IRQHandler) for TA0_0_IRQHandler
    startup_msp432p401r_uvision.o(RESET) refers to tima.o(i.TA2_N_IRQHandler) for TA2_N_IRQHandler
    startup_msp432p401r_uvision.o(RESET) refers to usart2.o(i.EUSCIA2_IRQHandler) for EUSCIA2_IRQHandler
    startup_msp432p401r_uvision.o(RESET) refers to usart3.o(i.EUSCIA3_IRQHandler) for EUSCIA3_IRQHandler
    startup_msp432p401r_uvision.o(RESET) refers to adc.o(i.ADC14_IRQHandler) for ADC14_IRQHandler
    startup_msp432p401r_uvision.o(RESET) refers to tim32.o(i.T32_INT1_IRQHandler) for T32_INT1_IRQHandler
    startup_msp432p401r_uvision.o(RESET) refers to key.o(i.PORT1_IRQHandler) for PORT1_IRQHandler
    startup_msp432p401r_uvision.o(RESET) refers to encoder.o(i.PORT3_IRQHandler) for PORT3_IRQHandler
    startup_msp432p401r_uvision.o(RESET) refers to encoder.o(i.PORT4_IRQHandler) for PORT4_IRQHandler
    startup_msp432p401r_uvision.o(RESET) refers to encoder.o(i.PORT5_IRQHandler) for PORT5_IRQHandler
    startup_msp432p401r_uvision.o(.text) refers to system_msp432p401r.o(i.SystemInit) for SystemInit
    startup_msp432p401r_uvision.o(.text) refers to entry.o(.ARM.Collect$$$$00000000) for __main
    main.o(i.main) refers to sysinit.o(i.SysInit) for SysInit
    main.o(i.main) refers to key.o(i.KEY_Init) for KEY_Init
    main.o(i.main) refers to tim32.o(i.Tim32_0_Int_Init) for Tim32_0_Int_Init
    main.o(i.main) refers to usart.o(i.uart_init) for uart_init
    main.o(i.main) refers to usart2.o(i.uart2_init) for uart2_init
    main.o(i.main) refers to usart3.o(i.uart3_init) for uart3_init
    main.o(i.main) refers to delay.o(i.delay_init) for delay_init
    main.o(i.main) refers to pwm.o(i.PWM_motor_Init) for PWM_motor_Init
    main.o(i.main) refers to sensor.o(i.Sensor_init) for Sensor_init
    main.o(i.main) refers to led.o(i.LED_Init) for LED_Init
    main.o(i.main) refers to oled.o(i.OLED_Init) for OLED_Init
    main.o(i.main) refers to encoder.o(i.Encoder_Init) for Encoder_Init
    main.o(i.main) refers to tima0.o(i.TimA0_PWM_Init) for TimA0_PWM_Init
    main.o(i.main) refers to oled.o(i.OLED_ShowOpenMV) for OLED_ShowOpenMV
    main.o(i.main) refers to key.o(i.Key_Detect) for Key_Detect
    main.o(i.main) refers to led.o(i.LED_RED_Tog) for LED_RED_Tog
    main.o(i.main) refers to delay.o(i.delay_ms) for delay_ms
    main.o(i.main) refers to show.o(i.Usart_show) for Usart_show
    main.o(i.main) refers to led.o(i.LED_Stop) for LED_Stop
    main.o(i.main) refers to control.o(i.Set_Pwm) for Set_Pwm
    main.o(i.main) refers to usart3.o(i.Serial_SendByte) for Serial_SendByte
    main.o(i.main) refers to led.o(i.LED_B_On) for LED_B_On
    main.o(i.main) refers to main.o(.data) for .data
    adc.o(i.ADC14_IRQHandler) refers to adc14.o(i.ADC14_getMultiSequenceResult) for ADC14_getMultiSequenceResult
    adc.o(i.ADC14_IRQHandler) refers to printfa.o(i.__0printf) for __2printf
    adc.o(i.ADC14_IRQHandler) refers to adc.o(.data) for .data
    adc.o(i.ADC_Config) refers to adc14.o(i.ADC14_configureMultiSequenceMode) for ADC14_configureMultiSequenceMode
    adc.o(i.ADC_Config) refers to adc14.o(i.ADC14_configureConversionMemory) for ADC14_configureConversionMemory
    key.o(i.KEY_Scan) refers to key.o(i.key_delay) for key_delay
    key.o(i.KEY_Scan) refers to key.o(.data) for .data
    key.o(i.Key_Detect) refers to key.o(i.click1) for click1
    key.o(i.Key_Detect) refers to key.o(i.click2) for click2
    key.o(i.Key_Detect) refers to key.o(.data) for .data
    key.o(i.Key_Detect) refers to main.o(.data) for Mode
    key.o(i.PORT1_IRQHandler) refers to key.o(i.key_delay) for key_delay
    key.o(i.click1) refers to key.o(i.key_delay) for key_delay
    key.o(i.click1) refers to key.o(.data) for .data
    key.o(i.click2) refers to key.o(i.key_delay) for key_delay
    key.o(i.click2) refers to key.o(.data) for .data
    key.o(i.test_start) refers to key.o(i.click1) for click1
    key.o(i.test_start) refers to main.o(.data) for Mode
    key.o(i.test_start) refers to key.o(.data) for .data
    key.o(i.test_start) refers to main.o(.data) for flag_s1
    key.o(i.test_start) refers to main.o(.data) for flag_s2
    key4x4.o(i.KEY4x4_Scan) refers to key4x4.o(.data) for .data
    led.o(i.LED_Stop) refers to led.o(.data) for .data
    led.o(i.LED_W_Tog) refers to led.o(i.LED_R_Tog) for LED_R_Tog
    led.o(i.LED_W_Tog) refers to led.o(i.LED_G_Tog) for LED_G_Tog
    led.o(i.LED_W_Tog) refers to led.o(i.LED_B_Tog) for LED_B_Tog
[...]
    ../clib/microlib/printf/printf.c         0x00000000   Number         0  printf4.o ABSOLUTE
    ../clib/microlib/printf/printf.c         0x00000000   Number         0  printf6.o ABSOLUTE
    ../clib/microlib/printf/printf.c         0x00000000   Number         0  printfa.o ABSOLUTE
    ../clib/microlib/printf/printf.c         0x00000000   Number         0  printfb.o ABSOLUTE
    ../clib/microlib/printf/printf.c         0x00000000   Number         0  printf8.o ABSOLUTE
    ../clib/microlib/printf/printf.c         0x00000000   Number         0  printf0.o ABSOLUTE
    ../clib/microlib/printf/printf.c         0x00000000   Number         0  printf1.o ABSOLUTE
    ../clib/microlib/printf/printf.c         0x00000000   Number         0  printf2.o ABSOLUTE
    ../clib/microlib/printf/printf.c         0x00000000   Number         0  printf3.o ABSOLUTE
    ../clib/microlib/printf/printf.c         0x00000000   Number         0  printf7.o ABSOLUTE
    ../clib/microlib/printf/stubs.s          0x00000000   Number         0  stubs.o ABSOLUTE
    ../clib/microlib/string/memcpy.c         0x00000000   Number         0  memcpya.o ABSOLUTE
    ../clib/microlib/string/memcpy.c         0x00000000   Number         0  memcpyb.o ABSOLUTE
    ../clib/microlib/string/strlen.c         0x00000000   Number         0  strlen.o ABSOLUTE
    ../clib/microlib/stubs.s                 0x00000000   Number         0  iusefp.o ABSOLUTE
    ../clib/microlib/stubs.s                 0x00000000   Number         0  useno.o ABSOLUTE
    ../fplib/microlib/d2f.c                  0x00000000   Number         0  d2f.o ABSOLUTE
    ../fplib/microlib/f2d.c                  0x00000000   Number         0  f2d.o ABSOLUTE
    ../fplib/microlib/fpadd.c                0x00000000   Number         0  dadd.o ABSOLUTE
    ../fplib/microlib/fpdiv.c                0x00000000   Number         0  ddiv.o ABSOLUTE
    ../fplib/microlib/fpepilogue.c           0x00000000   Number         0  depilogue.o ABSOLUTE
    ../fplib/microlib/fpepilogue.c           0x00000000   Number         0  fepilogue.o ABSOLUTE
    ../fplib/microlib/fpfix.c                0x00000000   Number         0  dfixi.o ABSOLUTE
    ../fplib/microlib/fpfix.c                0x00000000   Number         0  dfixul.o ABSOLUTE
    ../fplib/microlib/fpflt.c                0x00000000   Number         0  dflti.o ABSOLUTE
    ../fplib/microlib/fpmul.c                0x00000000   Number         0  dmul.o ABSOLUTE
    ..\..\Control\Control.c                  0x00000000   Number         0  control.o ABSOLUTE
    ..\..\Control\Sensor.c                   0x00000000   Number         0  sensor.o ABSOLUTE
    ..\..\Control\pid.c                      0x00000000   Number         0  pid.o ABSOLUTE
    ..\..\Show\Show.c                        0x00000000   Number         0  show.o ABSOLUTE
    ..\..\hardware\Encoder.c                 0x00000000   Number         0  encoder.o ABSOLUTE
    ..\..\hardware\TimA0.c                   0x00000000   Number         0  tima0.o ABSOLUTE
    ..\..\hardware\adc.c                     0x00000000   Number         0  adc.o ABSOLUTE
    ..\..\hardware\key.c                     0x00000000   Number         0  key.o ABSOLUTE
    ..\..\hardware\key4x4.c                  0x00000000   Number         0  key4x4.o ABSOLUTE
    ..\..\hardware\led.c                     0x00000000   Number         0  led.o ABSOLUTE
    ..\..\hardware\oled.c                    0x00000000   Number         0  oled.o ABSOLUTE
    ..\..\hardware\pwm.c                     0x00000000   Number         0  pwm.o ABSOLUTE
    ..\..\hardware\tim32.c                   0x00000000   Number         0  tim32.o ABSOLUTE
    ..\..\hardware\timA.c                    0x00000000   Number         0  tima.o ABSOLUTE
    ..\..\hardware\usart1.c                  0x00000000   Number         0  usart1.o ABSOLUTE
    ..\..\hardware\usart2.c                  0x00000000   Number         0  usart2.o ABSOLUTE
    ..\..\hardware\usart3.c                  0x00000000   Number         0  usart3.o ABSOLUTE
    ..\..\main.c                             0x00000000   Number         0  main.o ABSOLUTE
    ..\..\sys\baudrate_calculate.c           0x00000000   Number         0  baudrate_calculate.o ABSOLUTE
    ..\..\sys\delay.c                        0x00000000   Number         0  delay.o ABSOLUTE
    ..\..\sys\sysinit.c                      0x00000000   Number         0  sysinit.o ABSOLUTE
    ..\..\sys\usart.c                        0x00000000   Number         0  usart.o ABSOLUTE
    ..\..\system_msp432p401r.c               0x00000000   Number         0  system_msp432p401r.o ABSOLUTE
    ..\\..\\Control\\Control.c               0x00000000   Number         0  control.o ABSOLUTE
    ..\\..\\Control\\Sensor.c                0x00000000   Number         0  sensor.o ABSOLUTE
    ..\\..\\Control\\pid.c                   0x00000000   Number         0  pid.o ABSOLUTE
    ..\\..\\Show\\Show.c                     0x00000000   Number         0  show.o ABSOLUTE
    ..\\..\\hardware\\Encoder.c              0x00000000   Number         0  encoder.o ABSOLUTE
    ..\\..\\hardware\\TimA0.c                0x00000000   Number         0  tima0.o ABSOLUTE
    ..\\..\\hardware\\adc.c                  0x00000000   Number         0  adc.o ABSOLUTE
    ..\\..\\hardware\\key.c                  0x00000000   Number         0  key.o ABSOLUTE
    ..\\..\\hardware\\key4x4.c               0x00000000   Number         0  key4x4.o ABSOLUTE
    ..\\..\\hardware\\led.c                  0x00000000   Number         0  led.o ABSOLUTE
    ..\\..\\hardware\\oled.c                 0x00000000   Number         0  oled.o ABSOLUTE
    ..\\..\\hardware\\pwm.c                  0x00000000   Number         0  pwm.o ABSOLUTE
    ..\\..\\hardware\\tim32.c                0x00000000   Number         0  tim32.o ABSOLUTE
    ..\\..\\hardware\\timA.c                 0x00000000   Number         0  tima.o ABSOLUTE
    ..\\..\\hardware\\usart2.c               0x00000000   Number         0  usart2.o ABSOLUTE
    ..\\..\\hardware\\usart3.c               0x00000000   Number         0  usart3.o ABSOLUTE
    ..\\..\\main.c                           0x00000000   Number         0  main.o ABSOLUTE
    ..\\..\\sys\\baudrate_calculate.c        0x00000000   Number         0  baudrate_calculate.o ABSOLUTE
    ..\\..\\sys\\delay.c                     0x00000000   Number         0  delay.o ABSOLUTE
    ..\\..\\sys\\sysinit.c                   0x00000000   Number         0  sysinit.o ABSOLUTE
    ..\\..\\sys\\usart.c                     0x00000000   Number         0  usart.o ABSOLUTE
    ..\\..\\system_msp432p401r.c             0x00000000   Number         0  system_msp432p401r.o ABSOLUTE
    cdrcmple.s                               0x00000000   Number         0  cdrcmple.o ABSOLUTE
    dc.s                                     0x00000000   Number         0  dc.o ABSOLUTE
    handlers.s                               0x00000000   Number         0  handlers.o ABSOLUTE
    init.s                                   0x00000000   Number         0  init.o ABSOLUTE
    source/ti/devices/msp432p4xx/driverlib/adc14.c 0x00000000   Number         0  adc14.o ABSOLUTE
    source/ti/devices/msp432p4xx/driverlib/adc14.c 0x00000000   Number         0  adc14.o ABSOLUTE
    source/ti/devices/msp432p4xx/driverlib/cpu.c 0x00000000   Number         0  cpu.o ABSOLUTE
    source/ti/devices/msp432p4xx/driverlib/cpu.c 0x00000000   Number         0  cpu.o ABSOLUTE
    source/ti/devices/msp432p4xx/driverlib/cs.c 0x00000000   Number         0  cs.o ABSOLUTE
    source/ti/devices/msp432p4xx/driverlib/cs.c 0x00000000   Number         0  cs.o ABSOLUTE
    source/ti/devices/msp432p4xx/driverlib/gpio.c 0x00000000   Number         0  gpio.o ABSOLUTE
    source/ti/devices/msp432p4xx/driverlib/gpio.c 0x00000000   Number         0  gpio.o ABSOLUTE
    source/ti/devices/msp432p4xx/driverlib/interrupt.c 0x00000000   Number         0  interrupt.o ABSOLUTE
    source/ti/devices/msp432p4xx/driverlib/interrupt.c 0x00000000   Number         0  interrupt.o ABSOLUTE
    source/ti/devices/msp432p4xx/driverlib/sysctl_a.c 0x00000000   Number         0  sysctl_a.o ABSOLUTE
    source/ti/devices/msp432p4xx/driverlib/sysctl_a.c 0x00000000   Number         0  sysctl_a.o ABSOLUTE
    source/ti/devices/msp432p4xx/driverlib/timer_a.c 0x00000000   Number         0  timer_a.o ABSOLUTE
    source/ti/devices/msp432p4xx/driverlib/timer_a.c 0x00000000   Number         0  timer_a.o ABSOLUTE
    source/ti/devices/msp432p4xx/driverlib/uart.c 0x00000000   Number         0  uart.o ABSOLUTE
    source/ti/devices/msp432p4xx/driverlib/uart.c 0x00000000   Number         0  uart.o ABSOLUTE
    startup_msp432p401r_uvision.s            0x00000000   Number         0  startup_msp432p401r_uvision.o ABSOLUTE
    .ARM.Collect$$$$00000000                 0x00000144   Section        0  entry.o(.ARM.Collect$$$$00000000)
    .ARM.Collect$$$$00000001                 0x00000144   Section        4  entry2.o(.ARM.Collect$$$$00000001)
    .ARM.Collect$$$$00000004                 0x00000148   Section        4  entry5.o(.ARM.Collect$$$$00000004)
    .ARM.Collect$$$$00000008                 0x0000014c   Section        0  entry7b.o(.ARM.Collect$$$$00000008)
    .ARM.Collect$$$$0000000A                 0x0000014c   Section        0  entry8b.o(.ARM.Collect$$$$0000000A)
    .ARM.Collect$$$$0000000B                 0x0000014c   Section        8  entry9a.o(.ARM.Collect$$$$0000000B)
    .ARM.Collect$$$$0000000D                 0x00000154   Section        0  entry10a.o(.ARM.Collect$$$$0000000D)
    .ARM.Collect$$$$0000000F                 0x00000154   Section        0  entry11a.o(.ARM.Collect$$$$0000000F)
    .ARM.Collect$$$$00002712                 0x00000154   Section        4  entry2.o(.ARM.Collect$$$$00002712)
    __lit__00000000                          0x00000154   Data           4  entry2.o(.ARM.Collect$$$$00002712)
    .emb_text                                0x00000158   Section       38  cpu.o(.emb_text)
    $v0                                      0x00000158   Number         0  cpu.o(.emb_text)
    .text                                    0x00000180   Section       36  startup_msp432p401r_uvision.o(.text)
    $v0                                      0x00000180   Number         0  startup_msp432p401r_uvision.o(.text)
    .text                                    0x000001a4   Section        0  memcpya.o(.text)
    .text                                    0x000001c8   Section        0  strlen.o(.text)
    .text                                    0x000001d6   Section        0  dadd.o(.text)
    .text                                    0x00000324   Section        0  dmul.o(.text)
    .text                                    0x00000408   Section        0  ddiv.o(.text)
    .text                                    0x000004e6   Section        0  dflti.o(.text)
    .text                                    0x00000508   Section        0  dfixi.o(.text)
    .text                                    0x00000546   Section        0  f2d.o(.text)
    .text                                    0x0000056c   Section        0  d2f.o(.text)
    .text                                    0x000005a4   Section        0  uidiv.o(.text)
    .text                                    0x000005d0   Section        0  uldiv.o(.text)
    .text                                    0x00000632   Section        0  llshl.o(.text)
    .text                                    0x00000650   Section        0  llushr.o(.text)
    .text                                    0x00000670   Section        0  llsshr.o(.text)
    .text                                    0x00000694   Section        0  fepilogue.o(.text)
    .text                                    0x00000694   Section        0  iusefp.o(.text)
    .text                                    0x00000702   Section        0  depilogue.o(.text)
    .text                                    0x000007bc   Section        0  dfixul.o(.text)
    .text                                    0x000007ec   Section       48  cdrcmple.o(.text)
    .text                                    0x0000081c   Section       36  init.o(.text)
    i.ADC14_IRQHandler                       0x00000840   Section        0  adc.o(i.ADC14_IRQHandler)
    i.ADC14_getMultiSequenceResult           0x0000089c   Section        0  adc14.o(i.ADC14_getMultiSequenceResult)
    i.CS_clearInterruptFlag                  0x000008c8   Section        0  cs.o(i.CS_clearInterruptFlag)
    i.CS_getACLK                             0x000008ec   Section        0  cs.o(i.CS_getACLK)
    i.CS_getDCOFrequency                     0x00000904   Section        0  cs.o(i.CS_getDCOFrequency)
    i.CS_getMCLK                             0x00000a10   Section        0  cs.o(i.CS_getMCLK)
    i.CS_getSMCLK                            0x00000a28   Section        0  cs.o(i.CS_getSMCLK)
    i.CS_setExternalClockSourceFrequency     0x00000a40   Section        0  cs.o(i.CS_setExternalClockSourceFrequency)
    i.CS_startHFXT                           0x00000a4c   Section        0  cs.o(i.CS_startHFXT)
    i.CS_startHFXTWithTimeout                0x00000a54   Section        0  cs.o(i.CS_startHFXTWithTimeout)
    i.CS_startLFXT                           0x00000af4   Section        0  cs.o(i.CS_startLFXT)
    i.CS_startLFXTWithTimeout                0x00000afc   Section        0  cs.o(i.CS_startLFXTWithTimeout)
    i.EUSCIA2_IRQHandler                     0x00000b9c   Section        0  usart2.o(i.EUSCIA2_IRQHandler)
    i.EUSCIA3_IRQHandler                     0x00000c54   Section        0  usart3.o(i.EUSCIA3_IRQHandler)
    i.Encoder_Init                           0x00000d14   Section        0  encoder.o(i.Encoder_Init)
    i.GPIO_clearInterruptFlag                0x00000db4   Section        0  gpio.o(i.GPIO_clearInterruptFlag)
    i.GPIO_enableInterrupt                   0x00000dc8   Section        0  gpio.o(i.GPIO_enableInterrupt)
    i.GPIO_interruptEdgeSelect               0x00000ddc   Section        0  gpio.o(i.GPIO_interruptEdgeSelect)
    i.GPIO_setAsInputPin                     0x00000df8   Section        0  gpio.o(i.GPIO_setAsInputPin)
    i.GPIO_setAsInputPinWithPullUpResistor   0x00000e1c   Section        0  gpio.o(i.GPIO_setAsInputPinWithPullUpResistor)
    i.GPIO_setOutputHighOnPin                0x00000e48   Section        0  gpio.o(i.GPIO_setOutputHighOnPin)
    i.GetEncoder                             0x00000e5c   Section        0  encoder.o(i.GetEncoder)
    i.Get_Velocity_Form_Encoder              0x00000eb8   Section        0  control.o(i.Get_Velocity_Form_Encoder)
    i.Get_stopline                           0x00001064   Section        0  control.o(i.Get_stopline)
    i.I2C_SW_Configuration                   0x000010a8   Section        0  oled.o(i.I2C_SW_Configuration)
    i.I2C_Start                              0x000010c4   Section        0  oled.o(i.I2C_Start)
    i.I2C_Stop                               0x000010ec   Section        0  oled.o(i.I2C_Stop)
    i.I2C_WaitAck                            0x0000110c   Section        0  oled.o(i.I2C_WaitAck)
    i.Interrupt_enableInterrupt              0x0000112c   Section        0  interrupt.o(i.Interrupt_enableInterrupt)
    i.Interrupt_enableMaster                 0x00001188   Section        0  interrupt.o(i.Interrupt_enableMaster)
    i.KEY_Init                               0x00001198   Section        0  key.o(i.KEY_Init)
    i.Key_Detect                             0x000011f8   Section        0  key.o(i.Key_Detect)
    i.LED_B_On                               0x0000127c   Section        0  led.o(i.LED_B_On)
    i.LED_Init                               0x0000128c   Section        0  led.o(i.LED_Init)
    i.LED_RED_Tog                            0x000012c4   Section        0  led.o(i.LED_RED_Tog)
    i.LED_Stop                               0x000012d8   Section        0  led.o(i.LED_Stop)
    i.OLED_Clear                             0x00001300   Section        0  oled.o(i.OLED_Clear)
    i.OLED_Init                              0x0000133c   Section        0  oled.o(i.OLED_Init)
    i.OLED_Set_Pos                           0x0000142a   Section        0  oled.o(i.OLED_Set_Pos)
    i.OLED_ShowChar                          0x00001454   Section        0  oled.o(i.OLED_ShowChar)
    i.OLED_ShowOpenMV                        0x000014dc   Section        0  oled.o(i.OLED_ShowOpenMV)
    i.OLED_ShowString                        0x000015fc   Section        0  oled.o(i.OLED_ShowString)
    i.OLED_WR_Byte                           0x00001634   Section        0  oled.o(i.OLED_WR_Byte)
    i.PID_Calc                               0x0000166a   Section        0  pid.o(i.PID_Calc)
    i.PID_Init                               0x000016e0   Section        0  pid.o(i.PID_Init)
    i.PORT1_IRQHandler                       0x000016f0   Section        0  key.o(i.PORT1_IRQHandler)
    i.PORT3_IRQHandler                       0x00001728   Section        0  encoder.o(i.PORT3_IRQHandler)
    i.PORT4_IRQHandler                       0x00001778   Section        0  encoder.o(i.PORT4_IRQHandler)
    i.PORT5_IRQHandler                       0x00001824   Section        0  encoder.o(i.PORT5_IRQHandler)
    i.PWM_Limit                              0x000018bc   Section        0  control.o(i.PWM_Limit)
    i.PWM_motor_Init                         0x000018cc   Section        0  pwm.o(i.PWM_motor_Init)
    i.Receive_Data                           0x000018fc   Section        0  usart3.o(i.Receive_Data)
    i.Send_Byte                              0x00001930   Section        0  oled.o(i.Send_Byte)
    i.Sensor_PID                             0x00001970   Section        0  sensor.o(i.Sensor_PID)
    i.Sensor_Xunji_three                     0x00001bf0   Section        0  sensor.o(i.Sensor_Xunji_three)
    i.Sensor_init                            0x00001df4   Section        0  sensor.o(i.Sensor_init)
    i.Serial_SendByte                        0x00001e24   Section        0  usart3.o(i.Serial_SendByte)
    i.Set_4Pwm                               0x00001e4c   Section        0  control.o(i.Set_4Pwm)
    i.Set_Pwm                                0x00001e70   Section        0  control.o(i.Set_Pwm)
    i.SysCtl_A_disableNMISource              0x00001f74   Section        0  sysctl_a.o(i.SysCtl_A_disableNMISource)
    i.SysCtl_A_enableNMISource               0x00001f84   Section        0  sysctl_a.o(i.SysCtl_A_enableNMISource)
    i.SysCtl_A_getNMISourceStatus            0x00001f94   Section        0  sysctl_a.o(i.SysCtl_A_getNMISourceStatus)
    i.SysCtl_A_getTLVInfo                    0x00001fa4   Section        0  sysctl_a.o(i.SysCtl_A_getTLVInfo)
    i.SysInit                                0x00001fec   Section        0  sysinit.o(i.SysInit)
    i.SystemInit                             0x00002078   Section        0  system_msp432p401r.o(i.SystemInit)
    i.T32_INT1_IRQHandler                    0x000020d8   Section        0  tim32.o(i.T32_INT1_IRQHandler)
    i.TA0_0_IRQHandler                       0x000021cc   Section        0  tima.o(i.TA0_0_IRQHandler)
    i.TA2_N_IRQHandler                       0x000021f0   Section        0  tima.o(i.TA2_N_IRQHandler)
    i.Tick_a2                                0x000022a0   Section        0  control.o(i.Tick_a2)
    i.Tick_s1                                0x000022d0   Section        0  control.o(i.Tick_s1)
    i.Tim32_0_Int_Init                       0x00002380   Section        0  tim32.o(i.Tim32_0_Int_Init)
    i.TimA0_PWM_Init                         0x000023cc   Section        0  tima0.o(i.TimA0_PWM_Init)
    i.Timer_A_getCaptureCompareCount         0x0000245c   Section        0  timer_a.o(i.Timer_A_getCaptureCompareCount)
    i.UART_disableInterrupt                  0x0000246c   Section        0  uart.o(i.UART_disableInterrupt)
    i.UART_enableInterrupt                   0x00002482   Section        0  uart.o(i.UART_enableInterrupt)
    i.UART_getEnabledInterruptStatus         0x00002498   Section        0  uart.o(i.UART_getEnabledInterruptStatus)
    i.UART_getInterruptStatus                0x000024be   Section        0  uart.o(i.UART_getInterruptStatus)
    i.UART_initModule                        0x000024c4   Section        0  uart.o(i.UART_initModule)
    i.UART_transmitData                      0x00002556   Section        0  uart.o(i.UART_transmitData)
    i.Usart_show                             0x0000256c   Section        0  show.o(i.Usart_show)
    i._CSComputeCLKFrequency                 0x00002658   Section        0  cs.o(i._CSComputeCLKFrequency)
    _CSComputeCLKFrequency                   0x00002659   Thumb Code   176  cs.o(i._CSComputeCLKFrequency)
    i._CSGetHFXTFrequency                    0x00002718   Section        0  cs.o(i._CSGetHFXTFrequency)
    _CSGetHFXTFrequency                      0x00002719   Thumb Code   106  cs.o(i._CSGetHFXTFrequency)
    i.__0printf                              0x000027b0   Section        0  printfa.o(i.__0printf)
    i.__0sprintf                             0x000027d0   Section        0  printfa.o(i.__0sprintf)
    i.__0vsprintf                            0x000027f8   Section        0  printfa.o(i.__0vsprintf)
    i.__scatterload_copy                     0x0000281c   Section       14  handlers.o(i.__scatterload_copy)
    i.__scatterload_null                     0x0000282a   Section        2  handlers.o(i.__scatterload_null)
    i.__scatterload_zeroinit                 0x0000282c   Section       14  handlers.o(i.__scatterload_zeroinit)
    i._fp_digits                             0x0000283c   Section        0  printfa.o(i._fp_digits)
    _fp_digits                               0x0000283d   Thumb Code   366  printfa.o(i._fp_digits)
    i._printf_core                           0x000029c0   Section        0  printfa.o(i._printf_core)
    _printf_core                             0x000029c1   Thumb Code  1744  printfa.o(i._printf_core)
    i._printf_post_padding                   0x0000309c   Section        0  printfa.o(i._printf_post_padding)
    _printf_post_padding                     0x0000309d   Thumb Code    36  printfa.o(i._printf_post_padding)
    i._printf_pre_padding                    0x000030c0   Section        0  printfa.o(i._printf_pre_padding)
    _printf_pre_padding                      0x000030c1   Thumb Code    46  printfa.o(i._printf_pre_padding)
    i._sputc                                 0x000030ee   Section        0  printfa.o(i._sputc)
    _sputc                                   0x000030ef   Thumb Code    10  printfa.o(i._sputc)
    i.bitPosition                            0x000030f8   Section        0  baudrate_calculate.o(i.bitPosition)
    i.click1                                 0x00003108   Section        0  key.o(i.click1)
    i.click2                                 0x00003140   Section        0  key.o(i.click2)
    i.delay_init                             0x00003178   Section        0  delay.o(i.delay_init)
    i.delay_ms                               0x000031a0   Section        0  delay.o(i.delay_ms)
    i.delay_us                               0x000031b8   Section        0  delay.o(i.delay_us)
    i.eusci_calcBaudDividers                 0x000031ec   Section        0  baudrate_calculate.o(i.eusci_calcBaudDividers)
    i.fputc                                  0x00003318   Section        0  usart.o(i.fputc)
    i.key_delay                              0x0000332c   Section        0  key.o(i.key_delay)
    key_delay                                0x0000332d   Thumb Code    42  key.o(i.key_delay)
    i.main                                   0x00003358   Section        0  main.o(i.main)
    i.myabs                                  0x0000349c   Section        0  control.o(i.myabs)
    i.printf_uart0                           0x000034a4   Section        0  usart.o(i.printf_uart0)
    i.task_tackle                            0x000034f0   Section        0  control.o(i.task_tackle)
    i.uart2_init                             0x00003690   Section        0  usart2.o(i.uart2_init)
    i.uart3_init                             0x000036f0   Section        0  usart3.o(i.uart3_init)
    i.uart_init                              0x00003750   Section        0  usart.o(i.uart_init)
    .constdata                               0x000037b0   Section     2314  oled.o(.constdata)
    .constdata                               0x000040bc   Section       24  tima0.o(.constdata)
    .constdata                               0x000040d4   Section       40  usart2.o(.constdata)
    .constdata                               0x000040fc   Section       40  usart3.o(.constdata)
    .constdata                               0x00004124   Section       40  usart.o(.constdata)
    .constdata                               0x0000414c   Section       76  gpio.o(.constdata)
    GPIO_PORT_TO_INT                         0x0000414c   Data          28  gpio.o(.constdata)
    GPIO_PORT_TO_BASE                        0x00004168   Data          48  gpio.o(.constdata)
    .constdata                               0x00004198   Section      144  interrupt.o(.constdata)
    g_pulEnRegs                              0x00004198   Data           8  interrupt.o(.constdata)
    g_pulDisRegs                             0x000041a0   Data           8  interrupt.o(.constdata)
    g_pulPendRegs                            0x000041a8   Data           8  interrupt.o(.constdata)
    g_pulUnpendRegs                          0x000041b0   Data           8  interrupt.o(.constdata)
    g_pulPriority                            0x000041b8   Data          32  interrupt.o(.constdata)
    g_pulRegs                                0x000041d8   Data          80  interrupt.o(.constdata)
    .data                                    0x20000000   Section        4  main.o(.data)
    .data                                    0x20000004   Section        4  main.o(.data)
    .data                                    0x20000008   Section        4  main.o(.data)
    .data                                    0x2000000c   Section        4  main.o(.data)
    .data                                    0x20000010   Section        4  main.o(.data)
    .data                                    0x20000014   Section       16  main.o(.data)
    .data                                    0x20000024   Section        4  main.o(.data)
    .data                                    0x20000028   Section        4  main.o(.data)
    .data                                    0x2000002c   Section        4  main.o(.data)
    .data                                    0x20000030   Section        4  main.o(.data)
    .data                                    0x20000034   Section        4  main.o(.data)
    .data                                    0x20000038   Section        4  main.o(.data)
    .data                                    0x2000003c   Section        4  main.o(.data)
    .data                                    0x20000040   Section        4  main.o(.data)
    .data                                    0x20000044   Section        4  main.o(.data)
    .data                                    0x20000048   Section        4  main.o(.data)
    .data                                    0x2000004c   Section        4  main.o(.data)
    .data                                    0x20000050   Section        4  main.o(.data)
    .data                                    0x20000054   Section        4  main.o(.data)
    .data                                    0x20000058   Section        4  main.o(.data)
    .data                                    0x2000005c   Section        4  main.o(.data)
    .data                                    0x20000060   Section        4  main.o(.data)
    .data                                    0x20000064   Section        4  main.o(.data)
    .data                                    0x20000068   Section        4  main.o(.data)
    .data                                    0x2000006c   Section        4  main.o(.data)
    .data                                    0x20000070   Section        4  main.o(.data)
    .data                                    0x20000074   Section        4  main.o(.data)
    .data                                    0x20000078   Section        4  main.o(.data)
    .data                                    0x2000007c   Section        1  main.o(.data)
    .data                                    0x2000007d   Section        1  main.o(.data)
    .data                                    0x20000080   Section        4  main.o(.data)
    .data                                    0x20000084   Section        4  main.o(.data)
    .data                                    0x20000088   Section        4  main.o(.data)
    .data                                    0x2000008c   Section        4  main.o(.data)
    .data                                    0x20000090   Section        4  main.o(.data)
    .data                                    0x20000094   Section        4  main.o(.data)
    .data                                    0x20000098   Section        4  main.o(.data)
    .data                                    0x2000009c   Section        4  main.o(.data)
    .data                                    0x200000a0   Section        4  main.o(.data)
    .data                                    0x200000a4   Section        4  main.o(.data)
    .data                                    0x200000a8   Section        4  main.o(.data)
    .data                                    0x200000ac   Section        4  adc.o(.data)
    resultsBuffer                            0x200000ac   Data           4  adc.o(.data)
    .data                                    0x200000b0   Section        6  key.o(.data)
    key_up                                   0x200000b0   Data           1  key.o(.data)
    flag_key                                 0x200000b1   Data           1  key.o(.data)
    flag_key2                                0x200000b2   Data           1  key.o(.data)
    test1                                    0x200000b3   Data           1  key.o(.data)
    .data                                    0x200000b6   Section        1  led.o(.data)
    t1                                       0x200000b6   Data           1  led.o(.data)
    .data                                    0x200000b8   Section        4  tim32.o(.data)
    counto1                                  0x200000b8   Data           4  tim32.o(.data)
    .data                                    0x200000bc   Section        4  tima.o(.data)
    .data                                    0x200000c0   Section        8  usart2.o(.data)
    RxCounter1                               0x200000c0   Data           1  usart2.o(.data)
    RxState                                  0x200000c1   Data           1  usart2.o(.data)
    RxBuffer1                                0x200000c2   Data           6  usart2.o(.data)
    .data                                    0x200000c8   Section        8  usart3.o(.data)
    RxCounter3                               0x200000c8   Data           1  usart3.o(.data)
    RxState                                  0x200000c9   Data           1  usart3.o(.data)
    RxBuffer3                                0x200000ca   Data           6  usart3.o(.data)
    .data                                    0x200000d0   Section        4  usart.o(.data)
    .data                                    0x200000d4   Section        1  delay.o(.data)
    fac_us                                   0x200000d4   Data           1  delay.o(.data)
    .data                                    0x200000d8   Section       32  control.o(.data)
    count2                                   0x200000d8   Data           4  control.o(.data)
    counts1                                  0x200000dc   Data           4  control.o(.data)
    counts2                                  0x200000e0   Data           4  control.o(.data)
    counts3                                  0x200000e4   Data           4  control.o(.data)
    flag_in1                                 0x200000e8   Data           4  control.o(.data)
    flag_s                                   0x200000ec   Data           4  control.o(.data)
    flag_in1                                 0x200000f0   Data           4  control.o(.data)
    flag_in2                                 0x200000f4   Data           4  control.o(.data)
    .data                                    0x200000f8   Section       20  sensor.o(.data)
    flag_stopturn                            0x200000f8   Data           1  sensor.o(.data)
    .data                                    0x2000010c   Section        8  cs.o(.data)
    hfxtFreq                                 0x2000010c   Data           4  cs.o(.data)
    lfxtFreq                                 0x20000110   Data           4  cs.o(.data)
    .bss                                     0x20000114   Section      256  usart.o(.bss)
    .bss                                     0x20000214   Section       80  sensor.o(.bss)
    STACK                                    0x20000268   Section      512  startup_msp432p401r_uvision.o(STACK)

    Global Symbols

    Symbol Name                              Value     Ov Type        Size  Object(Section)

    BuildAttributes$$THM_ISAv4$E$P$D$K$B$S$7EM$VFPi3$EXTD16$VFPS$VFMA$PE$A:L22UL41UL21$X:L11$S22US41US21$IEEE1$IW$USESV6$~STKCKD$USESV7$~SHL$OTIME$ROPI$EBA8$MICROLIB$REQ8$PRES8$EABIv2 0x00000000   Number         0  anon$$obj.o ABSOLUTE
    __ARM_use_no_argv                        0x00000000   Number         0  main.o ABSOLUTE
    __Vectors                                0x00000000   Data           4  startup_msp432p401r_uvision.o(RESET)
    __use_no_errno                           0x00000000   Number         0  useno.o ABSOLUTE
    __use_no_exception_handling              0x00000000   Number         0  useno.o ABSOLUTE
    __use_no_fp                              0x00000000   Number         0  useno.o ABSOLUTE
    __use_no_heap                            0x00000000   Number         0  useno.o ABSOLUTE
    __use_no_heap_region                     0x00000000   Number         0  useno.o ABSOLUTE
    __use_no_semihosting                     0x00000000   Number         0  useno.o ABSOLUTE
    __use_no_semihosting_swi                 0x00000000   Number         0  useno.o ABSOLUTE
    __use_no_signal_handling                 0x00000000   Number         0  useno.o ABSOLUTE
    _printf_a                                0x00000000   Number         0  stubs.o ABSOLUTE
    _printf_c                                0x00000000   Number         0  stubs.o ABSOLUTE
    _printf_charcount                        0x00000000   Number         0  stubs.o ABSOLUTE
    _printf_d                                0x00000000   Number         0  stubs.o ABSOLUTE
    _printf_e                                0x00000000   Number         0  stubs.o ABSOLUTE
    _printf_f                                0x00000000   Number         0  stubs.o ABSOLUTE
    _printf_flags                            0x00000000   Number         0  stubs.o ABSOLUTE
    _printf_fp_dec                           0x00000000   Number         0  stubs.o ABSOLUTE
    _printf_fp_hex                           0x00000000   Number         0  stubs.o ABSOLUTE
    _printf_g                                0x00000000   Number         0  stubs.o ABSOLUTE
    _printf_i                                0x00000000   Number         0  stubs.o ABSOLUTE
    _printf_int_dec                          0x00000000   Number         0  stubs.o ABSOLUTE
    _printf_l                                0x00000000   Number         0  stubs.o ABSOLUTE
    _printf_lc                               0x00000000   Number         0  stubs.o ABSOLUTE
    _printf_ll                               0x00000000   Number         0  stubs.o ABSOLUTE
    _printf_lld                              0x00000000   Number         0  stubs.o ABSOLUTE
    _printf_lli                              0x00000000   Number         0  stubs.o ABSOLUTE
    _printf_llo                              0x00000000   Number         0  stubs.o ABSOLUTE
    _printf_llu                              0x00000000   Number         0  stubs.o ABSOLUTE
    _printf_llx                              0x00000000   Number         0  stubs.o ABSOLUTE
    _printf_longlong_dec                     0x00000000   Number         0  stubs.o ABSOLUTE
    _printf_longlong_hex                     0x00000000   Number         0  stubs.o ABSOLUTE
    _printf_longlong_oct                     0x00000000   Number         0  stubs.o ABSOLUTE
    _printf_ls                               0x00000000   Number         0  stubs.o ABSOLUTE
    _printf_mbtowc                           0x00000000   Number         0  stubs.o ABSOLUTE
    _printf_n                                0x00000000   Number         0  stubs.o ABSOLUTE
    _printf_o                                0x00000000   Number         0  stubs.o ABSOLUTE
    _printf_p                                0x00000000   Number         0  stubs.o ABSOLUTE
    _printf_percent                          0x00000000   Number         0  stubs.o ABSOLUTE
    _printf_pre_padding                      0x00000000   Number         0  stubs.o ABSOLUTE
    _printf_return_value                     0x00000000   Number         0  stubs.o ABSOLUTE
    _printf_s                                0x00000000   Number         0  stubs.o ABSOLUTE
    _printf_sizespec                         0x00000000   Number         0  stubs.o ABSOLUTE
    _printf_str                              0x00000000   Number         0  stubs.o ABSOLUTE
    _printf_truncate_signed                  0x00000000   Number         0  stubs.o ABSOLUTE
    _printf_truncate_unsigned                0x00000000   Number         0  stubs.o ABSOLUTE
    _printf_u                                0x00000000   Number         0  stubs.o ABSOLUTE
    _printf_wc                               0x00000000   Number         0  stubs.o ABSOLUTE
    _printf_wctomb                           0x00000000   Number         0  stubs.o ABSOLUTE
    _printf_widthprec                        0x00000000   Number         0  stubs.o ABSOLUTE
    _printf_x                                0x00000000   Number         0  stubs.o ABSOLUTE
    __cpp_initialize__aeabi_                  - Undefined Weak Reference
    __cxa_finalize                            - Undefined Weak Reference
    __decompress                              - Undefined Weak Reference
    _clock_init                               - Undefined Weak Reference
    _microlib_exit                            - Undefined Weak Reference
    __Vectors_End                            0x00000144   Data           0  startup_msp432p401r_uvision.o(RESET)
    __Vectors_Size                           0x00000144   Number         0  startup_msp432p401r_uvision.o ABSOLUTE
    __main                                   0x00000145   Thumb Code     0  entry.o(.ARM.Collect$$$$00000000)
    _main_stk                                0x00000145   Thumb Code     0  entry2.o(.ARM.Collect$$$$00000001)
    _main_scatterload                        0x00000149   Thumb Code     0  entry5.o(.ARM.Collect$$$$00000004)
    __main_after_scatterload                 0x0000014d   Thumb Code     0  entry5.o(.ARM.Collect$$$$00000004)
    _main_clock                              0x0000014d   Thumb Code     0  entry7b.o(.ARM.Collect$$$$00000008)
    _main_cpp_init                           0x0000014d   Thumb Code     0  entry8b.o(.ARM.Collect$$$$0000000A)
    _main_init                               0x0000014d   Thumb Code     0  entry9a.o(.ARM.Collect$$$$0000000B)
    __rt_final_cpp                           0x00000155   Thumb Code     0  entry10a.o(.ARM.Collect$$$$0000000D)
    __rt_final_exit                          0x00000155   Thumb Code     0  entry11a.o(.ARM.Collect$$$$0000000F)
    CPU_cpsid                                0x00000159   Thumb Code     8  cpu.o(.emb_text)
    CPU_primask                              0x00000161   Thumb Code     6  cpu.o(.emb_text)
    CPU_cpsie                                0x00000167   Thumb Code     8  cpu.o(.emb_text)
    CPU_wfi                                  0x0000016f   Thumb Code     4  cpu.o(.emb_text)
    CPU_basepriSet                           0x00000173   Thumb Code     6  cpu.o(.emb_text)
    CPU_basepriGet                           0x00000179   Thumb Code     6  cpu.o(.emb_text)
    Reset_Handler                            0x00000181   Thumb Code     8  startup_msp432p401r_uvision.o(.text)
    NMI_Handler                              0x00000189   Thumb Code     2  startup_msp432p401r_uvision.o(.text)
    HardFault_Handler                        0x0000018b   Thumb Code     2  startup_msp432p401r_uvision.o(.text)
    MemManage_Handler                        0x0000018d   Thumb Code     2  startup_msp432p401r_uvision.o(.text)
    BusFault_Handler                         0x0000018f   Thumb Code     2  startup_msp432p401r_uvision.o(.text)
    UsageFault_Handler                       0x00000191   Thumb Code     2  startup_msp432p401r_uvision.o(.text)
    SVC_Handler                              0x00000193   Thumb Code     2  startup_msp432p401r_uvision.o(.text)
    DebugMon_Handler                         0x00000195   Thumb Code     2  startup_msp432p401r_uvision.o(.text)
    PendSV_Handler                           0x00000197   Thumb Code     2  startup_msp432p401r_uvision.o(.text)
    SysTick_Handler                          0x00000199   Thumb Code     2  startup_msp432p401r_uvision.o(.text)
    AES256_IRQHandler                        0x0000019b   Thumb Code     0  startup_msp432p401r_uvision.o(.text)
    COMP_E0_IRQHandler                       0x0000019b   Thumb Code     0  startup_msp432p401r_uvision.o(.text)
    COMP_E1_IRQHandler                       0x0000019b   Thumb Code     0  startup_msp432p401r_uvision.o(.text)
    CS_IRQHandler                            0x0000019b   Thumb Code     0  startup_msp432p401r_uvision.o(.text)
    DMA_ERR_IRQHandler                       0x0000019b   Thumb Code     0  startup_msp432p401r_uvision.o(.text)
    DMA_INT0_IRQHandler                      0x0000019b   Thumb Code     0  startup_msp432p401r_uvision.o(.text)
    DMA_INT1_IRQHandler                      0x0000019b   Thumb Code     0  startup_msp432p401r_uvision.o(.text)
    DMA_INT2_IRQHandler                      0x0000019b   Thumb Code     0  startup_msp432p401r_uvision.o(.text)
    DMA_INT3_IRQHandler                      0x0000019b   Thumb Code     0  startup_msp432p401r_uvision.o(.text)
    EUSCIA0_IRQHandler                       0x0000019b   Thumb Code     0  startup_msp432p401r_uvision.o(.text)
    EUSCIA1_IRQHandler                       0x0000019b   Thumb Code     0  startup_msp432p401r_uvision.o(.text)
    EUSCIB0_IRQHandler                       0x0000019b   Thumb Code     0  startup_msp432p401r_uvision.o(.text)
    EUSCIB1_IRQHandler                       0x0000019b   Thumb Code     0  startup_msp432p401r_uvision.o(.text)
    EUSCIB2_IRQHandler                       0x0000019b   Thumb Code     0  startup_msp432p401r_uvision.o(.text)
    EUSCIB3_IRQHandler                       0x0000019b   Thumb Code     0  startup_msp432p401r_uvision.o(.text)
    FLCTL_IRQHandler                         0x0000019b   Thumb Code     0  startup_msp432p401r_uvision.o(.text)
    FPU_IRQHandler                           0x0000019b   Thumb Code     0  startup_msp432p401r_uvision.o(.text)
    PCM_IRQHandler                           0x0000019b   Thumb Code     0  startup_msp432p401r_uvision.o(.text)
    PORT2_IRQHandler                         0x0000019b   Thumb Code     0  startup_msp432p401r_uvision.o(.text)
    PORT6_IRQHandler                         0x0000019b   Thumb Code     0  startup_msp432p401r_uvision.o(.text)
    PSS_IRQHandler                           0x0000019b   Thumb Code     0  startup_msp432p401r_uvision.o(.text)
    RTC_C_IRQHandler                         0x0000019b   Thumb Code     0  startup_msp432p401r_uvision.o(.text)
    T32_INT2_IRQHandler                      0x0000019b   Thumb Code     0  startup_msp432p401r_uvision.o(.text)
    T32_INTC_IRQHandler                      0x0000019b   Thumb Code     0  startup_msp432p401r_uvision.o(.text)
    TA0_N_IRQHandler                         0x0000019b   Thumb Code     0  startup_msp432p401r_uvision.o(.text)
    TA1_0_IRQHandler                         0x0000019b   Thumb Code     0  startup_msp432p401r_uvision.o(.text)
    TA1_N_IRQHandler                         0x0000019b   Thumb Code     0  startup_msp432p401r_uvision.o(.text)
    TA2_0_IRQHandler                         0x0000019b   Thumb Code     0  startup_msp432p401r_uvision.o(.text)
    TA3_0_IRQHandler                         0x0000019b   Thumb Code     0  startup_msp432p401r_uvision.o(.text)
    TA3_N_IRQHandler                         0x0000019b   Thumb Code     0  startup_msp432p401r_uvision.o(.text)
    WDT_A_IRQHandler                         0x0000019b   Thumb Code     0  startup_msp432p401r_uvision.o(.text)
    __aeabi_memcpy                           0x000001a5   Thumb Code    36  memcpya.o(.text)
    __aeabi_memcpy4                          0x000001a5   Thumb Code     0  memcpya.o(.text)
    __aeabi_memcpy8                          0x000001a5   Thumb Code     0  memcpya.o(.text)
    strlen                                   0x000001c9   Thumb Code    14  strlen.o(.text)
    __aeabi_dadd                             0x000001d7   Thumb Code   322  dadd.o(.text)
    __aeabi_dsub                             0x00000319   Thumb Code     6  dadd.o(.text)
    __aeabi_drsub                            0x0000031f   Thumb Code     6  dadd.o(.text)
    __aeabi_dmul                             0x00000325   Thumb Code   228  dmul.o(.text)
    __aeabi_ddiv                             0x00000409   Thumb Code   222  ddiv.o(.text)
    __aeabi_i2d                              0x000004e7   Thumb Code    34  dflti.o(.text)
    __aeabi_d2iz                             0x00000509   Thumb Code    62  dfixi.o(.text)
    __aeabi_f2d                              0x00000547   Thumb Code    38  f2d.o(.text)
    __aeabi_d2f                              0x0000056d   Thumb Code    56  d2f.o(.text)
    __aeabi_uidiv                            0x000005a5   Thumb Code     0  uidiv.o(.text)
    __aeabi_uidivmod                         0x000005a5   Thumb Code    44  uidiv.o(.text)
    __aeabi_uldivmod                         0x000005d1   Thumb Code    98  uldiv.o(.text)
    __aeabi_llsl                             0x00000633   Thumb Code    30  llshl.o(.text)
    _ll_shift_l                              0x00000633   Thumb Code     0  llshl.o(.text)
    __aeabi_llsr                             0x00000651   Thumb Code    32  llushr.o(.text)
    _ll_ushift_r                             0x00000651   Thumb Code     0  llushr.o(.text)
    __aeabi_lasr                             0x00000671   Thumb Code    36  llsshr.o(.text)
    _ll_sshift_r                             0x00000671   Thumb Code     0  llsshr.o(.text)
    __I$use$fp                               0x00000695   Thumb Code     0  iusefp.o(.text)
    _float_round                             0x00000695   Thumb Code    18  fepilogue.o(.text)
    _float_epilogue                          0x000006a7   Thumb Code    92  fepilogue.o(.text)
    _double_round                            0x00000703   Thumb Code    30  depilogue.o(.text)
    _double_epilogue                         0x00000721   Thumb Code   156  depilogue.o(.text)
    __aeabi_d2ulz                            0x000007bd   Thumb Code    48  dfixul.o(.text)
    __aeabi_cdrcmple                         0x000007ed   Thumb Code    48  cdrcmple.o(.text)
    __scatterload                            0x0000081d   Thumb Code    28  init.o(.text)
    __scatterload_rt2                        0x0000081d   Thumb Code     0  init.o(.text)
    ADC14_IRQHandler                         0x00000841   Thumb Code    66  adc.o(i.ADC14_IRQHandler)
    ADC14_getMultiSequenceResult             0x0000089d   Thumb Code    38  adc14.o(i.ADC14_getMultiSequenceResult)
    CS_clearInterruptFlag                    0x000008c9   Thumb Code    26  cs.o(i.CS_clearInterruptFlag)
    CS_getACLK                               0x000008ed   Thumb Code    20  cs.o(i.CS_getACLK)
    CS_getDCOFrequency                       0x00000905   Thumb Code   234  cs.o(i.CS_getDCOFrequency)
    CS_getMCLK                               0x00000a11   Thumb Code    20  cs.o(i.CS_getMCLK)
    CS_getSMCLK                              0x00000a29   Thumb Code    18  cs.o(i.CS_getSMCLK)
    CS_setExternalClockSourceFrequency       0x00000a41   Thumb Code     8  cs.o(i.CS_setExternalClockSourceFrequency)
    CS_startHFXT                             0x00000a4d   Thumb Code     6  cs.o(i.CS_startHFXT)
    CS_startHFXTWithTimeout                  0x00000a55   Thumb Code   144  cs.o(i.CS_startHFXTWithTimeout)
    CS_startLFXT                             0x00000af5   Thumb Code     6  cs.o(i.CS_startLFXT)
    CS_startLFXTWithTimeout                  0x00000afd   Thumb Code   144  cs.o(i.CS_startLFXTWithTimeout)
    EUSCIA2_IRQHandler                       0x00000b9d   Thumb Code   172  usart2.o(i.EUSCIA2_IRQHandler)
    EUSCIA3_IRQHandler                       0x00000c55   Thumb Code   180  usart3.o(i.EUSCIA3_IRQHandler)
    Encoder_Init                             0x00000d15   Thumb Code   160  encoder.o(i.Encoder_Init)
    GPIO_clearInterruptFlag                  0x00000db5   Thumb Code    14  gpio.o(i.GPIO_clearInterruptFlag)
    GPIO_enableInterrupt                     0x00000dc9   Thumb Code    14  gpio.o(i.GPIO_enableInterrupt)
    GPIO_interruptEdgeSelect                 0x00000ddd   Thumb Code    22  gpio.o(i.GPIO_interruptEdgeSelect)
    GPIO_setAsInputPin                       0x00000df9   Thumb Code    32  gpio.o(i.GPIO_setAsInputPin)
    GPIO_setAsInputPinWithPullUpResistor     0x00000e1d   Thumb Code    38  gpio.o(i.GPIO_setAsInputPinWithPullUpResistor)
    GPIO_setOutputHighOnPin                  0x00000e49   Thumb Code    14  gpio.o(i.GPIO_setOutputHighOnPin)
    GetEncoder                               0x00000e5d   Thumb Code    60  encoder.o(i.GetEncoder)
    Get_Velocity_Form_Encoder                0x00000eb9   Thumb Code   356  control.o(i.Get_Velocity_Form_Encoder)
    Get_stopline                             0x00001065   Thumb Code    50  control.o(i.Get_stopline)
    I2C_SW_Configuration                     0x000010a9   Thumb Code    24  oled.o(i.I2C_SW_Configuration)
    I2C_Start                                0x000010c5   Thumb Code    36  oled.o(i.I2C_Start)
    I2C_Stop                                 0x000010ed   Thumb Code    28  oled.o(i.I2C_Stop)
    I2C_WaitAck                              0x0000110d   Thumb Code    28  oled.o(i.I2C_WaitAck)
    Interrupt_enableInterrupt                0x0000112d   Thumb Code    84  interrupt.o(i.Interrupt_enableInterrupt)
    Interrupt_enableMaster                   0x00001189   Thumb Code    14  interrupt.o(i.Interrupt_enableMaster)
    KEY_Init                                 0x00001199   Thumb Code    90  key.o(i.KEY_Init)
    Key_Detect                               0x000011f9   Thumb Code   122  key.o(i.Key_Detect)
    LED_B_On                                 0x0000127d   Thumb Code    10  led.o(i.LED_B_On)
    LED_Init                                 0x0000128d   Thumb Code    46  led.o(i.LED_Init)
    LED_RED_Tog                              0x000012c5   Thumb Code    14  led.o(i.LED_RED_Tog)
    LED_Stop                                 0x000012d9   Thumb Code    32  led.o(i.LED_Stop)
    OLED_Clear                               0x00001301   Thumb Code    60  oled.o(i.OLED_Clear)
    OLED_Init                                0x0000133d   Thumb Code   238  oled.o(i.OLED_Init)
    OLED_Set_Pos                             0x0000142b   Thumb Code    40  oled.o(i.OLED_Set_Pos)
    OLED_ShowChar                            0x00001455   Thumb Code   128  oled.o(i.OLED_ShowChar)
    OLED_ShowOpenMV                          0x000014dd   Thumb Code   202  oled.o(i.OLED_ShowOpenMV)
    OLED_ShowString                          0x000015fd   Thumb Code    56  oled.o(i.OLED_ShowString)
    OLED_WR_Byte                             0x00001635   Thumb Code    54  oled.o(i.OLED_WR_Byte)
    PID_Calc                                 0x0000166b   Thumb Code   118  pid.o(i.PID_Calc)
    PID_Init                                 0x000016e1   Thumb Code    14  pid.o(i.PID_Init)
    PORT1_IRQHandler                         0x000016f1   Thumb Code    46  key.o(i.PORT1_IRQHandler)
    PORT3_IRQHandler                         0x00001729   Thumb Code    66  encoder.o(i.PORT3_IRQHandler)
    PORT4_IRQHandler                         0x00001779   Thumb Code   154  encoder.o(i.PORT4_IRQHandler)
    PORT5_IRQHandler                         0x00001825   Thumb Code   130  encoder.o(i.PORT5_IRQHandler)
    PWM_Limit                                0x000018bd   Thumb Code    14  control.o(i.PWM_Limit)
    PWM_motor_Init                           0x000018cd   Thumb Code    44  pwm.o(i.PWM_motor_Init)
    Receive_Data                             0x000018fd   Thumb Code    38  usart3.o(i.Receive_Data)
    Send_Byte                                0x00001931   Thumb Code    60  oled.o(i.Send_Byte)
    Sensor_PID                               0x00001971   Thumb Code   560  sensor.o(i.Sensor_PID)
    Sensor_Xunji_three                       0x00001bf1   Thumb Code   476  sensor.o(i.Sensor_Xunji_three)
    Sensor_init                              0x00001df5   Thumb Code    46  sensor.o(i.Sensor_init)
    Serial_SendByte                          0x00001e25   Thumb Code    30  usart3.o(i.Serial_SendByte)
    Set_4Pwm                                 0x00001e4d   Thumb Code    18  control.o(i.Set_4Pwm)
    Set_Pwm                                  0x00001e71   Thumb Code   242  control.o(i.Set_Pwm)
    SysCtl_A_disableNMISource                0x00001f75   Thumb Code    10  sysctl_a.o(i.SysCtl_A_disableNMISource)
    SysCtl_A_enableNMISource                 0x00001f85   Thumb Code    10  sysctl_a.o(i.SysCtl_A_enableNMISource)
    SysCtl_A_getNMISourceStatus              0x00001f95   Thumb Code    10  sysctl_a.o(i.SysCtl_A_getNMISourceStatus)
    SysCtl_A_getTLVInfo                      0x00001fa5   Thumb Code    64  sysctl_a.o(i.SysCtl_A_getTLVInfo)
    SysInit                                  0x00001fed   Thumb Code   126  sysinit.o(i.SysInit)
    SystemInit                               0x00002079   Thumb Code    76  system_msp432p401r.o(i.SystemInit)
    T32_INT1_IRQHandler                      0x000020d9   Thumb Code   182  tim32.o(i.T32_INT1_IRQHandler)
    TA0_0_IRQHandler                         0x000021cd   Thumb Code    32  tima.o(i.TA0_0_IRQHandler)
    TA2_N_IRQHandler                         0x000021f1   Thumb Code   160  tima.o(i.TA2_N_IRQHandler)
    Tick_a2                                  0x000022a1   Thumb Code    36  control.o(i.Tick_a2)
    Tick_s1                                  0x000022d1   Thumb Code   140  control.o(i.Tick_s1)
    Tim32_0_Int_Init                         0x00002381   Thumb Code    66  tim32.o(i.Tim32_0_Int_Init)
    TimA0_PWM_Init                           0x000023cd   Thumb Code   136  tima0.o(i.TimA0_PWM_Init)
    Timer_A_getCaptureCompareCount           0x0000245d   Thumb Code    16  timer_a.o(i.Timer_A_getCaptureCompareCount)
    UART_disableInterrupt                    0x0000246d   Thumb Code    22  uart.o(i.UART_disableInterrupt)
    UART_enableInterrupt                     0x00002483   Thumb Code    22  uart.o(i.UART_enableInterrupt)
    UART_getEnabledInterruptStatus           0x00002499   Thumb Code    38  uart.o(i.UART_getEnabledInterruptStatus)
    UART_getInterruptStatus                  0x000024bf   Thumb Code     6  uart.o(i.UART_getInterruptStatus)
    UART_initModule                          0x000024c5   Thumb Code   146  uart.o(i.UART_initModule)
    UART_transmitData                        0x00002557   Thumb Code    22  uart.o(i.UART_transmitData)
    Usart_show                               0x0000256d   Thumb Code    86  show.o(i.Usart_show)
    __0printf                                0x000027b1   Thumb Code    22  printfa.o(i.__0printf)
    __1printf                                0x000027b1   Thumb Code     0  printfa.o(i.__0printf)
    __2printf                                0x000027b1   Thumb Code     0  printfa.o(i.__0printf)
    __c89printf                              0x000027b1   Thumb Code     0  printfa.o(i.__0printf)
    printf                                   0x000027b1   Thumb Code     0  printfa.o(i.__0printf)
    __0sprintf                               0x000027d1   Thumb Code    34  printfa.o(i.__0sprintf)
    __1sprintf                               0x000027d1   Thumb Code     0  printfa.o(i.__0sprintf)
    __2sprintf                               0x000027d1   Thumb Code     0  printfa.o(i.__0sprintf)
    __c89sprintf                             0x000027d1   Thumb Code     0  printfa.o(i.__0sprintf)
    sprintf                                  0x000027d1   Thumb Code     0  printfa.o(i.__0sprintf)
    __0vsprintf                              0x000027f9   Thumb Code    30  printfa.o(i.__0vsprintf)
    __1vsprintf                              0x000027f9   Thumb Code     0  printfa.o(i.__0vsprintf)
    __2vsprintf                              0x000027f9   Thumb Code     0  printfa.o(i.__0vsprintf)
    __c89vsprintf                            0x000027f9   Thumb Code     0  printfa.o(i.__0vsprintf)
    vsprintf                                 0x000027f9   Thumb Code     0  printfa.o(i.__0vsprintf)
    __scatterload_copy                       0x0000281d   Thumb Code    14  handlers.o(i.__scatterload_copy)
    __scatterload_null                       0x0000282b   Thumb Code     2  handlers.o(i.__scatterload_null)
    __scatterload_zeroinit                   0x0000282d   Thumb Code    14  handlers.o(i.__scatterload_zeroinit)
    bitPosition                              0x000030f9   Thumb Code    16  baudrate_calculate.o(i.bitPosition)
    click1                                   0x00003109   Thumb Code    48  key.o(i.click1)
    click2                                   0x00003141   Thumb Code    46  key.o(i.click2)
    delay_init                               0x00003179   Thumb Code    30  delay.o(i.delay_init)
    delay_ms                                 0x000031a1   Thumb Code    24  delay.o(i.delay_ms)
    delay_us                                 0x000031b9   Thumb Code    46  delay.o(i.delay_us)
    eusci_calcBaudDividers                   0x000031ed   Thumb Code   282  baudrate_calculate.o(i.eusci_calcBaudDividers)
    fputc                                    0x00003319   Thumb Code    16  usart.o(i.fputc)
    main                                     0x00003359   Thumb Code   312  main.o(i.main)
    myabs                                    0x0000349d   Thumb Code     8  control.o(i.myabs)
    printf_uart0                             0x000034a5   Thumb Code    62  usart.o(i.printf_uart0)
    task_tackle                              0x000034f1   Thumb Code   346  control.o(i.task_tackle)
    uart2_init                               0x00003691   Thumb Code    82  usart2.o(i.uart2_init)
    uart3_init                               0x000036f1   Thumb Code    82  usart3.o(i.uart3_init)
    uart_init                                0x00003751   Thumb Code    82  usart.o(i.uart_init)
    asc2_0806                                0x000037b0   Data         570  oled.o(.constdata)
    asc2_1608                                0x000039ea   Data        1520  oled.o(.constdata)
    Hzk                                      0x00003fda   Data         224  oled.o(.constdata)
    Region$$Table$$Base                      0x00004228   Number         0  anon$$obj.o(Region$$Table)
    Region$$Table$$Limit                     0x00004248   Number         0  anon$$obj.o(Region$$Table)
    EncoderCntFL                             0x20000000   Data           4  main.o(.data)
    EncoderCntFR                             0x20000004   Data           4  main.o(.data)
    EncoderCntBL                             0x20000008   Data           4  main.o(.data)
    EncoderCntBR                             0x2000000c   Data           4  main.o(.data)
    Oled_go                                  0x20000010   Data           4  main.o(.data)
    OpenMV_Send                              0x20000014   Data           1  main.o(.data)
    Get_OpenMV_Stop                          0x20000015   Data           1  main.o(.data)
    Mode                                     0x20000018   Data           4  main.o(.data)
    Flag_start                               0x2000001c   Data           4  main.o(.data)
    Flag_stop                                0x20000020   Data           4  main.o(.data)
    EncoderFL                                0x20000024   Data           4  main.o(.data)
    EncoderFR                                0x20000028   Data           4  main.o(.data)
    EncoderBL                                0x2000002c   Data           4  main.o(.data)
    EncoderBR                                0x20000030   Data           4  main.o(.data)
    Motor_Front_Left                         0x20000034   Data           4  main.o(.data)
    Motor_Front_Right                        0x20000038   Data           4  main.o(.data)
    Motor_Behind_Left                        0x2000003c   Data           4  main.o(.data)
    Motor_Behind_Right                       0x20000040   Data           4  main.o(.data)
    Velocity_PwmFL                           0x20000044   Data           4  main.o(.data)
    Velocity_PwmFR                           0x20000048   Data           4  main.o(.data)
    Velocity_PwmBL                           0x2000004c   Data           4  main.o(.data)
    Velocity_PwmBR                           0x20000050   Data           4  main.o(.data)
    Velocity_FL                              0x20000054   Data           4  main.o(.data)
    Velocity_FR                              0x20000058   Data           4  main.o(.data)
    Velocity_BL                              0x2000005c   Data           4  main.o(.data)
    Velocity_BR                              0x20000060   Data           4  main.o(.data)
    turn_a2                                  0x20000064   Data           4  main.o(.data)
    tick_a2                                  0x20000068   Data           4  main.o(.data)
    Stop_line                                0x2000006c   Data           4  main.o(.data)
    Stop_line_num                            0x20000070   Data           4  main.o(.data)
    flag_stopline                            0x20000074   Data           4  main.o(.data)
    flag_stoplinelast                        0x20000078   Data           4  main.o(.data)
    Get_OpenMV_Move                          0x2000007c   Data           1  main.o(.data)
    Get_OpenMV_thing                         0x2000007d   Data           1  main.o(.data)
    flag_s1                                  0x20000080   Data           4  main.o(.data)
    flag_s2                                  0x20000084   Data           4  main.o(.data)
    flag_s3                                  0x20000088   Data           4  main.o(.data)
    tick_s1                                  0x2000008c   Data           4  main.o(.data)
    tick_s2                                  0x20000090   Data           4  main.o(.data)
    tick_s3                                  0x20000094   Data           4  main.o(.data)
    flag_get1                                0x20000098   Data           4  main.o(.data)
    flag_get2                                0x2000009c   Data           4  main.o(.data)
    flag_get3                                0x200000a0   Data           4  main.o(.data)
    stop_count2                              0x200000a4   Data           4  main.o(.data)
    stop_count3                              0x200000a8   Data           4  main.o(.data)
    flag11                                   0x200000b4   Data           1  key.o(.data)
    flag22                                   0x200000b5   Data           1  key.o(.data)
    TIMA2_CAP_STA                            0x200000bc   Data           1  tima.o(.data)
    TIMA2_CAP_VAL                            0x200000be   Data           2  tima.o(.data)
    __stdout                                 0x200000d0   Data           4  usart.o(.data)
    flag_                                    0x200000fc   Data           4  sensor.o(.data)
    Flag_Adjust                              0x20000100   Data           4  sensor.o(.data)
    sensor_bias                              0x20000104   Data           4  sensor.o(.data)
    status                                   0x20000108   Data           4  sensor.o(.data)
    UART0_TX_BUF                             0x20000114   Data         256  usart.o(.bss)
    Sen_PID                                  0x20000214   Data          40  sensor.o(.bss)
    Turn_PID                                 0x2000023c   Data          40  sensor.o(.bss)
    __initial_sp                             0x20000468   Data           0  startup_msp432p401r_uvision.o(STACK)



==============================================================================

Memory Map of the image

  Image Entry point : 0x00000145

  Load Region LR_IROM1 (Base: 0x00000000, Size: 0x0000435c, Max: 0x00040000, ABSOLUTE)

    Execution Region ER_IROM1 (Exec base: 0x00000000, Load base: 0x00000000, Size: 0x00004248, Max: 0x00040000, ABSOLUTE)

    Exec Addr    Load Addr    Size         Type   Attr      Idx    E Section Name        Object

    0x00000000   0x00000000   0x00000144   Data   RO           73    RESET               startup_msp432p401r_uvision.o
    0x00000144   0x00000144   0x00000000   Code   RO         2613  * .ARM.Collect$$$$00000000  mc_w.l(entry.o)
    0x00000144   0x00000144   0x00000004   Code   RO         2897    .ARM.Collect$$$$00000001  mc_w.l(entry2.o)
    0x00000148   0x00000148   0x00000004   Code   RO         2900    .ARM.Collect$$$$00000004  mc_w.l(entry5.o)
    0x0000014c   0x0000014c   0x00000000   Code   RO         2902    .ARM.Collect$$$$00000008  mc_w.l(entry7b.o)
    0x0000014c   0x0000014c   0x00000000   Code   RO         2904    .ARM.Collect$$$$0000000A  mc_w.l(entry8b.o)
    0x0000014c   0x0000014c   0x00000008   Code   RO         2905    .ARM.Collect$$$$0000000B  mc_w.l(entry9a.o)
    0x00000154   0x00000154   0x00000000   Code   RO         2907    .ARM.Collect$$$$0000000D  mc_w.l(entry10a.o)
    0x00000154   0x00000154   0x00000000   Code   RO         2909    .ARM.Collect$$$$0000000F  mc_w.l(entry11a.o)
    0x00000154   0x00000154   0x00000004   Code   RO         2898    .ARM.Collect$$$$00002712  mc_w.l(entry2.o)
    0x00000158   0x00000158   0x00000026   Code   RO         2462    .emb_text           msp432p4xx_driverlib.lib(cpu.o)
    0x0000017e   0x0000017e   0x00000002   PAD
    0x00000180   0x00000180   0x00000024   Code   RO           74    .text               startup_msp432p401r_uvision.o
    0x000001a4   0x000001a4   0x00000024   Code   RO         2616    .text               mc_w.l(memcpya.o)
    0x000001c8   0x000001c8   0x0000000e   Code   RO         2618    .text               mc_w.l(strlen.o)
    0x000001d6   0x000001d6   0x0000014e   Code   RO         2883    .text               mf_w.l(dadd.o)
    0x00000324   0x00000324   0x000000e4   Code   RO         2885    .text               mf_w.l(dmul.o)
    0x00000408   0x00000408   0x000000de   Code   RO         2887    .text               mf_w.l(ddiv.o)
    0x000004e6   0x000004e6   0x00000022   Code   RO         2889    .text               mf_w.l(dflti.o)
    0x00000508   0x00000508   0x0000003e   Code   RO         2891    .text               mf_w.l(dfixi.o)
    0x00000546   0x00000546   0x00000026   Code   RO         2893    .text               mf_w.l(f2d.o)
    0x0000056c   0x0000056c   0x00000038   Code   RO         2895    .text               mf_w.l(d2f.o)
    0x000005a4   0x000005a4   0x0000002c   Code   RO         2911    .text               mc_w.l(uidiv.o)
    0x000005d0   0x000005d0   0x00000062   Code   RO         2913    .text               mc_w.l(uldiv.o)
    0x00000632   0x00000632   0x0000001e   Code   RO         2915    .text               mc_w.l(llshl.o)
    0x00000650   0x00000650   0x00000020   Code   RO         2917    .text               mc_w.l(llushr.o)
    0x00000670   0x00000670   0x00000024   Code   RO         2919    .text               mc_w.l(llsshr.o)
    0x00000694   0x00000694   0x00000000   Code   RO         2921    .text               mc_w.l(iusefp.o)
    0x00000694   0x00000694   0x0000006e   Code   RO         2922    .text               mf_w.l(fepilogue.o)
    0x00000702   0x00000702   0x000000ba   Code   RO         2924    .text               mf_w.l(depilogue.o)
    0x000007bc   0x000007bc   0x00000030   Code   RO         2926    .text               mf_w.l(dfixul.o)
    0x000007ec   0x000007ec   0x00000030   Code   RO         2928    .text               mf_w.l(cdrcmple.o)
    0x0000081c   0x0000081c   0x00000024   Code   RO         2930    .text               mc_w.l(init.o)
    0x00000840   0x00000840   0x0000005c   Code   RO          315    i.ADC14_IRQHandler  adc.o
    0x0000089c   0x0000089c   0x0000002c   Code   RO         1365    i.ADC14_getMultiSequenceResult  msp432p4xx_driverlib.lib(adc14.o)
    0x000008c8   0x000008c8   0x00000024   Code   RO         1619    i.CS_clearInterruptFlag  msp432p4xx_driverlib.lib(cs.o)
    0x000008ec   0x000008ec   0x00000018   Code   RO         1628    i.CS_getACLK        msp432p4xx_driverlib.lib(cs.o)
    0x00000904   0x00000904   0x0000010c   Code   RO         1630    i.CS_getDCOFrequency  msp432p4xx_driverlib.lib(cs.o)
    0x00000a10   0x00000a10   0x00000018   Code   RO         1634    i.CS_getMCLK        msp432p4xx_driverlib.lib(cs.o)
    0x00000a28   0x00000a28   0x00000018   Code   RO         1635    i.CS_getSMCLK       msp432p4xx_driverlib.lib(cs.o)
    0x00000a40   0x00000a40   0x0000000c   Code   RO         1642    i.CS_setExternalClockSourceFrequency  msp432p4xx_driverlib.lib(cs.o)
    0x00000a4c   0x00000a4c   0x00000006   Code   RO         1645    i.CS_startHFXT      msp432p4xx_driverlib.lib(cs.o)
    0x00000a52   0x00000a52   0x00000002   PAD
    0x00000a54   0x00000a54   0x000000a0   Code   RO         1646    i.CS_startHFXTWithTimeout  msp432p4xx_driverlib.lib(cs.o)
    0x00000af4   0x00000af4   0x00000006   Code   RO         1647    i.CS_startLFXT      msp432p4xx_driverlib.lib(cs.o)
    0x00000afa   0x00000afa   0x00000002   PAD
    0x00000afc   0x00000afc   0x000000a0   Code   RO         1648    i.CS_startLFXTWithTimeout  msp432p4xx_driverlib.lib(cs.o)
    0x00000b9c   0x00000b9c   0x000000b8   Code   RO          926    i.EUSCIA2_IRQHandler  usart2.o
    0x00000c54   0x00000c54   0x000000c0   Code   RO          964    i.EUSCIA3_IRQHandler  usart3.o
    0x00000d14   0x00000d14   0x000000a0   Code   RO          823    i.Encoder_Init      encoder.o
    0x00000db4   0x00000db4   0x00000014   Code   RO         1845    i.GPIO_clearInterruptFlag  msp432p4xx_driverlib.lib(gpio.o)
    0x00000dc8   0x00000dc8   0x00000014   Code   RO         1847    i.GPIO_enableInterrupt  msp432p4xx_driverlib.lib(gpio.o)
    0x00000ddc   0x00000ddc   0x0000001c   Code   RO         1851    i.GPIO_interruptEdgeSelect  msp432p4xx_driverlib.lib(gpio.o)
    0x00000df8   0x00000df8   0x00000024   Code   RO         1853    i.GPIO_setAsInputPin  msp432p4xx_driverlib.lib(gpio.o)
    0x00000e1c   0x00000e1c   0x0000002c   Code   RO         1855    i.GPIO_setAsInputPinWithPullUpResistor  msp432p4xx_driverlib.lib(gpio.o)
    0x00000e48   0x00000e48   0x00000014   Code   RO         1861    i.GPIO_setOutputHighOnPin  msp432p4xx_driverlib.lib(gpio.o)
    0x00000e5c   0x00000e5c   0x0000005c   Code   RO          824    i.GetEncoder        encoder.o
    0x00000eb8   0x00000eb8   0x000001ac   Code   RO         1167    i.Get_Velocity_Form_Encoder  control.o
    0x00001064   0x00001064   0x00000044   Code   RO         1168    i.Get_stopline      control.o
    0x000010a8   0x000010a8   0x0000001c   Code   RO          586    i.I2C_SW_Configuration  oled.o
    0x000010c4   0x000010c4   0x00000028   Code   RO          587    i.I2C_Start         oled.o
    0x000010ec   0x000010ec   0x00000020   Code   RO          588    i.I2C_Stop          oled.o
    0x0000110c   0x0000110c   0x00000020   Code   RO          589    i.I2C_WaitAck       oled.o
    0x0000112c   0x0000112c   0x0000005c   Code   RO         1992    i.Interrupt_enableInterrupt  msp432p4xx_driverlib.lib(interrupt.o)
    0x00001188   0x00001188   0x0000000e   Code   RO         1993    i.Interrupt_enableMaster  msp432p4xx_driverlib.lib(interrupt.o)
    0x00001196   0x00001196   0x00000002   PAD
    0x00001198   0x00001198   0x00000060   Code   RO          350    i.KEY_Init          key.o
    0x000011f8   0x000011f8   0x00000084   Code   RO          352    i.Key_Detect        key.o
    0x0000127c   0x0000127c   0x00000010   Code   RO          457    i.LED_B_On          led.o
    0x0000128c   0x0000128c   0x00000038   Code   RO          463    i.LED_Init          led.o
    0x000012c4   0x000012c4   0x00000014   Code   RO          467    i.LED_RED_Tog       led.o
    0x000012d8   0x000012d8   0x00000028   Code   RO          471    i.LED_Stop          led.o
    0x00001300   0x00001300   0x0000003c   Code   RO          590    i.OLED_Clear        oled.o
    0x0000133c   0x0000133c   0x000000ee   Code   RO          596    i.OLED_Init         oled.o
    0x0000142a   0x0000142a   0x00000028   Code   RO          597    i.OLED_Set_Pos      oled.o
    0x00001452   0x00001452   0x00000002   PAD
    0x00001454   0x00001454   0x00000088   Code   RO          598    i.OLED_ShowChar     oled.o
    0x000014dc   0x000014dc   0x00000120   Code   RO          601    i.OLED_ShowOpenMV   oled.o
    0x000015fc   0x000015fc   0x00000038   Code   RO          602    i.OLED_ShowString   oled.o
    0x00001634   0x00001634   0x00000036   Code   RO          603    i.OLED_WR_Byte      oled.o
    0x0000166a   0x0000166a   0x00000076   Code   RO         1287    i.PID_Calc          pid.o
    0x000016e0   0x000016e0   0x0000000e   Code   RO         1288    i.PID_Init          pid.o
    0x000016ee   0x000016ee   0x00000002   PAD
    0x000016f0   0x000016f0   0x00000038   Code   RO          353    i.PORT1_IRQHandler  key.o
    0x00001728   0x00001728   0x00000050   Code   RO          825    i.PORT3_IRQHandler  encoder.o
    0x00001778   0x00001778   0x000000ac   Code   RO          826    i.PORT4_IRQHandler  encoder.o
    0x00001824   0x00001824   0x00000098   Code   RO          827    i.PORT5_IRQHandler  encoder.o
    0x000018bc   0x000018bc   0x0000000e   Code   RO         1169    i.PWM_Limit         control.o
    0x000018ca   0x000018ca   0x00000002   PAD
    0x000018cc   0x000018cc   0x00000030   Code   RO          871    i.PWM_motor_Init    pwm.o
    0x000018fc   0x000018fc   0x00000034   Code   RO          965    i.Receive_Data      usart3.o
    0x00001930   0x00001930   0x00000040   Code   RO          604    i.Send_Byte         oled.o
    0x00001970   0x00001970   0x00000280   Code   RO         1239    i.Sensor_PID        sensor.o
    0x00001bf0   0x00001bf0   0x00000204   Code   RO         1240    i.Sensor_Xunji_three  sensor.o
    0x00001df4   0x00001df4   0x0000002e   Code   RO         1241    i.Sensor_init       sensor.o
    0x00001e22   0x00001e22   0x00000002   PAD
    0x00001e24   0x00001e24   0x00000028   Code   RO          966    i.Serial_SendByte   usart3.o
    0x00001e4c   0x00001e4c   0x00000024   Code   RO         1170    i.Set_4Pwm          control.o
    0x00001e70   0x00001e70   0x00000104   Code   RO         1171    i.Set_Pwm           control.o
    0x00001f74   0x00001f74   0x00000010   Code   RO         2485    i.SysCtl_A_disableNMISource  msp432p4xx_driverlib.lib(sysctl_a.o)
    0x00001f84   0x00001f84   0x00000010   Code   RO         2490    i.SysCtl_A_enableNMISource  msp432p4xx_driverlib.lib(sysctl_a.o)
    0x00001f94   0x00001f94   0x00000010   Code   RO         2496    i.SysCtl_A_getNMISourceStatus  msp432p4xx_driverlib.lib(sysctl_a.o)
    0x00001fa4   0x00001fa4   0x00000048   Code   RO         2498    i.SysCtl_A_getTLVInfo  msp432p4xx_driverlib.lib(sysctl_a.o)
    0x00001fec   0x00001fec   0x0000008c   Code   RO         1075    i.SysInit           sysinit.o
    0x00002078   0x00002078   0x00000060   Code   RO            5    i.SystemInit        system_msp432p401r.o
    0x000020d8   0x000020d8   0x000000f4   Code   RO          734    i.T32_INT1_IRQHandler  tim32.o
    0x000021cc   0x000021cc   0x00000024   Code   RO          765    i.TA0_0_IRQHandler  tima.o
    0x000021f0   0x000021f0   0x000000b0   Code   RO          766    i.TA2_N_IRQHandler  tima.o
    0x000022a0   0x000022a0   0x00000030   Code   RO         1172    i.Tick_a2           control.o
    0x000022d0   0x000022d0   0x000000b0   Code   RO         1173    i.Tick_s1           control.o
    0x00002380   0x00002380   0x0000004c   Code   RO          735    i.Tim32_0_Int_Init  tim32.o
    0x000023cc   0x000023cc   0x00000090   Code   RO          895    i.TimA0_PWM_Init    tima0.o
    0x0000245c   0x0000245c   0x00000010   Code   RO         2142    i.Timer_A_getCaptureCompareCount  msp432p4xx_driverlib.lib(timer_a.o)
    0x0000246c   0x0000246c   0x00000016   Code   RO         2319    i.UART_disableInterrupt  msp432p4xx_driverlib.lib(uart.o)
    0x00002482   0x00002482   0x00000016   Code   RO         2321    i.UART_enableInterrupt  msp432p4xx_driverlib.lib(uart.o)
    0x00002498   0x00002498   0x00000026   Code   RO         2323    i.UART_getEnabledInterruptStatus  msp432p4xx_driverlib.lib(uart.o)
    0x000024be   0x000024be   0x00000006   Code   RO         2324    i.UART_getInterruptStatus  msp432p4xx_driverlib.lib(uart.o)
    0x000024c4   0x000024c4   0x00000092   Code   RO         2327    i.UART_initModule   msp432p4xx_driverlib.lib(uart.o)
    0x00002556   0x00002556   0x00000016   Code   RO         2336    i.UART_transmitData  msp432p4xx_driverlib.lib(uart.o)
    0x0000256c   0x0000256c   0x000000ec   Code   RO         1323    i.Usart_show        show.o
    0x00002658   0x00002658   0x000000c0   Code   RO         1651    i._CSComputeCLKFrequency  msp432p4xx_driverlib.lib(cs.o)
    0x00002718   0x00002718   0x00000098   Code   RO         1652    i._CSGetHFXTFrequency  msp432p4xx_driverlib.lib(cs.o)
    0x000027b0   0x000027b0   0x00000020   Code   RO         2855    i.__0printf         mc_w.l(printfa.o)
    0x000027d0   0x000027d0   0x00000028   Code   RO         2857    i.__0sprintf        mc_w.l(printfa.o)
    0x000027f8   0x000027f8   0x00000024   Code   RO         2861    i.__0vsprintf       mc_w.l(printfa.o)
    0x0000281c   0x0000281c   0x0000000e   Code   RO         2934    i.__scatterload_copy  mc_w.l(handlers.o)
    0x0000282a   0x0000282a   0x00000002   Code   RO         2935    i.__scatterload_null  mc_w.l(handlers.o)
    0x0000282c   0x0000282c   0x0000000e   Code   RO         2936    i.__scatterload_zeroinit  mc_w.l(handlers.o)
    0x0000283a   0x0000283a   0x00000002   PAD
    0x0000283c   0x0000283c   0x00000184   Code   RO         2862    i._fp_digits        mc_w.l(printfa.o)
    0x000029c0   0x000029c0   0x000006dc   Code   RO         2863    i._printf_core      mc_w.l(printfa.o)
    0x0000309c   0x0000309c   0x00000024   Code   RO         2864    i._printf_post_padding  mc_w.l(printfa.o)
    0x000030c0   0x000030c0   0x0000002e   Code   RO         2865    i._printf_pre_padding  mc_w.l(printfa.o)
    0x000030ee   0x000030ee   0x0000000a   Code   RO         2867    i._sputc            mc_w.l(printfa.o)
    0x000030f8   0x000030f8   0x00000010   Code   RO         1137    i.bitPosition       baudrate_calculate.o
    0x00003108   0x00003108   0x00000038   Code   RO          354    i.click1            key.o
    0x00003140   0x00003140   0x00000038   Code   RO          355    i.click2            key.o
    0x00003178   0x00003178   0x00000028   Code   RO         1099    i.delay_init        delay.o
    0x000031a0   0x000031a0   0x00000018   Code   RO         1100    i.delay_ms          delay.o
    0x000031b8   0x000031b8   0x00000034   Code   RO         1101    i.delay_us          delay.o
    0x000031ec   0x000031ec   0x0000012c   Code   RO         1138    i.eusci_calcBaudDividers  baudrate_calculate.o
    0x00003318   0x00003318   0x00000014   Code   RO         1025    i.fputc             usart.o
    0x0000332c   0x0000332c   0x0000002a   Code   RO          356    i.key_delay         key.o
    0x00003356   0x00003356   0x00000002   PAD
    0x00003358   0x00003358   0x00000144   Code   RO           81    i.main              main.o
    0x0000349c   0x0000349c   0x00000008   Code   RO         1174    i.myabs             control.o
    0x000034a4   0x000034a4   0x0000004c   Code   RO         1026    i.printf_uart0      usart.o
    0x000034f0   0x000034f0   0x000001a0   Code   RO         1175    i.task_tackle       control.o
    0x00003690   0x00003690   0x00000060   Code   RO          927    i.uart2_init        usart2.o
    0x000036f0   0x000036f0   0x00000060   Code   RO          968    i.uart3_init        usart3.o
    0x00003750   0x00003750   0x00000060   Code   RO         1027    i.uart_init         usart.o
    0x000037b0   0x000037b0   0x0000090a   Data   RO          606    .constdata          oled.o
    0x000040ba   0x000040ba   0x00000002   PAD
    0x000040bc   0x000040bc   0x00000018   Data   RO          896    .constdata          tima0.o
    0x000040d4   0x000040d4   0x00000028   Data   RO          929    .constdata          usart2.o
    0x000040fc   0x000040fc   0x00000028   Data   RO          970    .constdata          usart3.o
    0x00004124   0x00004124   0x00000028   Data   RO         1029    .constdata          usart.o
    0x0000414c   0x0000414c   0x0000004c   Data   RO         1865    .constdata          msp432p4xx_driverlib.lib(gpio.o)
    0x00004198   0x00004198   0x00000090   Data   RO         2008    .constdata          msp432p4xx_driverlib.lib(interrupt.o)
    0x00004228   0x00004228   0x00000020   Data   RO         2932    Region$$Table       anon$$obj.o


    Execution Region RW_IRAM1 (Exec base: 0x20000000, Load base: 0x00004248, Size: 0x00000468, Max: 0x00010000, ABSOLUTE)

    Exec Addr    Load Addr    Size         Type   Attr      Idx    E Section Name        Object

    0x20000000   0x00004248   0x00000004   Data   RW           82    .data               main.o
    0x20000004   0x0000424c   0x00000004   Data   RW           83    .data               main.o
    0x20000008   0x00004250   0x00000004   Data   RW           84    .data               main.o
    0x2000000c   0x00004254   0x00000004   Data   RW           85    .data               main.o
    0x20000010   0x00004258   0x00000004   Data   RW           86    .data               main.o
    0x20000014   0x0000425c   0x00000010   Data   RW           87    .data               main.o
    0x20000024   0x0000426c   0x00000004   Data   RW           88    .data               main.o
    0x20000028   0x00004270   0x00000004   Data   RW           89    .data               main.o
    0x2000002c   0x00004274   0x00000004   Data   RW           90    .data               main.o
    0x20000030   0x00004278   0x00000004   Data   RW           91    .data               main.o
    0x20000034   0x0000427c   0x00000004   Data   RW           92    .data               main.o
    0x20000038   0x00004280   0x00000004   Data   RW           93    .data               main.o
    0x2000003c   0x00004284   0x00000004   Data   RW           94    .data               main.o
    0x20000040   0x00004288   0x00000004   Data   RW           95    .data               main.o
    0x20000044   0x0000428c   0x00000004   Data   RW           96    .data               main.o
    0x20000048   0x00004290   0x00000004   Data   RW           97    .data               main.o
    0x2000004c   0x00004294   0x00000004   Data   RW           98    .data               main.o
    0x20000050   0x00004298   0x00000004   Data   RW           99    .data               main.o
    0x20000054   0x0000429c   0x00000004   Data   RW          100    .data               main.o
    0x20000058   0x000042a0   0x00000004   Data   RW          101    .data               main.o
    0x2000005c   0x000042a4   0x00000004   Data   RW          102    .data               main.o
    0x20000060   0x000042a8   0x00000004   Data   RW          103    .data               main.o
    0x20000064   0x000042ac   0x00000004   Data   RW          105    .data               main.o
    0x20000068   0x000042b0   0x00000004   Data   RW          106    .data               main.o
    0x2000006c   0x000042b4   0x00000004   Data   RW          108    .data               main.o
    0x20000070   0x000042b8   0x00000004   Data   RW          109    .data               main.o
    0x20000074   0x000042bc   0x00000004   Data   RW          110    .data               main.o
    0x20000078   0x000042c0   0x00000004   Data   RW          111    .data               main.o
    0x2000007c   0x000042c4   0x00000001   Data   RW          118    .data               main.o
    0x2000007d   0x000042c5   0x00000001   Data   RW          119    .data               main.o
    0x2000007e   0x000042c6   0x00000002   PAD
    0x20000080   0x000042c8   0x00000004   Data   RW          121    .data               main.o
    0x20000084   0x000042cc   0x00000004   Data   RW          122    .data               main.o
    0x20000088   0x000042d0   0x00000004   Data   RW          123    .data               main.o
    0x2000008c   0x000042d4   0x00000004   Data   RW          124    .data               main.o
    0x20000090   0x000042d8   0x00000004   Data   RW          125    .data               main.o
    0x20000094   0x000042dc   0x00000004   Data   RW          126    .data               main.o
    0x20000098   0x000042e0   0x00000004   Data   RW          127    .data               main.o
    0x2000009c   0x000042e4   0x00000004   Data   RW          128    .data               main.o
    0x200000a0   0x000042e8   0x00000004   Data   RW          129    .data               main.o
    0x200000a4   0x000042ec   0x00000004   Data   RW          131    .data               main.o
    0x200000a8   0x000042f0   0x00000004   Data   RW          132    .data               main.o
    0x200000ac   0x000042f4   0x00000004   Data   RW          317    .data               adc.o
    0x200000b0   0x000042f8   0x00000006   Data   RW          358    .data               key.o
    0x200000b6   0x000042fe   0x00000001   Data   RW          476    .data               led.o
    0x200000b7   0x000042ff   0x00000001   PAD
    0x200000b8   0x00004300   0x00000004   Data   RW          736    .data               tim32.o
    0x200000bc   0x00004304   0x00000004   Data   RW          771    .data               tima.o
    0x200000c0   0x00004308   0x00000008   Data   RW          930    .data               usart2.o
    0x200000c8   0x00004310   0x00000008   Data   RW          971    .data               usart3.o
    0x200000d0   0x00004318   0x00000004   Data   RW         1030    .data               usart.o
    0x200000d4   0x0000431c   0x00000001   Data   RW         1102    .data               delay.o
    0x200000d5   0x0000431d   0x00000003   PAD
    0x200000d8   0x00004320   0x00000020   Data   RW         1176    .data               control.o
    0x200000f8   0x00004340   0x00000014   Data   RW         1243    .data               sensor.o
    0x2000010c   0x00004354   0x00000008   Data   RW         1653    .data               msp432p4xx_driverlib.lib(cs.o)
    0x20000114        -       0x00000100   Zero   RW         1028    .bss                usart.o
    0x20000214        -       0x00000050   Zero   RW         1242    .bss                sensor.o
    0x20000264   0x0000435c   0x00000004   PAD
    0x20000268        -       0x00000200   Zero   RW           71    STACK               startup_msp432p401r_uvision.o


==============================================================================

Image component sizes


      Code (inc. data)   RO Data    RW Data    ZI Data      Debug   Object Name

        92         26          0          4          0       1127   adc.o
       316         18          0          0          0       2191   baudrate_calculate.o
      1454        244          0         32          0       6800   control.o
       116         16          0          1          0       1723   delay.o
       656         86          0          0          0       3073   encoder.o
       438         44          0          6          0       5193   key.o
       132         30          0          1          0       2653   led.o
       324         18          0        170          0       8028   main.o
      1068        114       2314          0          0       8232   oled.o
       132          0          0          0          0       1594   pid.o
        48          4          0          0          0        505   pwm.o
      1202        126          0         20         80       2955   sensor.o
       236        150          0          0          0        521   show.o
        36          8        324          0        512        824   startup_msp432p401r_uvision.o
       140         14          0          0          0        518   sysinit.o
        96         20          0          0          0       5053   system_msp432p401r.o
       320         72          0          4          0       1341   tim32.o
       212         20          0          4          0       1376   tima.o
       144          8         24          0          0       6745   tima0.o
       192         32         40          4        256       3646   usart.o
       280         26         40          8          0       1882   usart2.o
       380         50         40          8          0       3571   usart3.o

    ----------------------------------------------------------------------
      8024       1126       2816        268        852      69551   Object Totals
         0          0         32          0          0          0   (incl. Generated)
        10          0          2          6          4          0   (incl. Padding)

    ----------------------------------------------------------------------

      Code (inc. data)   RO Data    RW Data    ZI Data      Debug   Library Member Name

         0          0          0          0          0          0   entry.o
         0          0          0          0          0          0   entry10a.o
         0          0          0          0          0          0   entry11a.o
         8          4          0          0          0          0   entry2.o
         4          0          0          0          0          0   entry5.o
         0          0          0          0          0          0   entry7b.o
         0          0          0          0          0          0   entry8b.o
         8          4          0          0          0          0   entry9a.o
        30          0          0          0          0          0   handlers.o
        36          8          0          0          0         68   init.o
         0          0          0          0          0          0   iusefp.o
        30          0          0          0          0         68   llshl.o
        36          0          0          0          0         68   llsshr.o
        32          0          0          0          0         68   llushr.o
        36          0          0          0          0         68   memcpya.o
      2344        102          0          0          0        684   printfa.o
        14          0          0          0          0         68   strlen.o
        44          0          0          0          0         80   uidiv.o
        98          0          0          0          0         92   uldiv.o
        48          0          0          0          0         68   cdrcmple.o
        56          0          0          0          0         88   d2f.o
       334          0          0          0          0        148   dadd.o
       222          0          0          0          0        100   ddiv.o
       186          0          0          0          0        176   depilogue.o
        62          0          0          0          0         80   dfixi.o
        48          0          0          0          0         68   dfixul.o
        34          0          0          0          0         76   dflti.o
       228          0          0          0          0         96   dmul.o
        38          0          0          0          0         68   f2d.o
       110          0          0          0          0        168   fepilogue.o
        44          6          0          0          0       4582   adc14.o
        38          0          0          0          0        676   cpu.o
      1064        170          0          8          0      13545   cs.o
       168         34         76          0          0       5260   gpio.o
       106          8        144          0          0       2381   interrupt.o
       120         26          0          0          0       3378   sysctl_a.o
        16          0          0          0          0        725   timer_a.o
       256          0          0          0          0       8644   uart.o

    ----------------------------------------------------------------------
      5908        362        220          8          0      41591   Library Totals
        10          0          0          0          0          0   (incl. Padding)

    ----------------------------------------------------------------------

      Code (inc. data)   RO Data    RW Data    ZI Data      Debug   Library Name

      2720        118          0          0          0       1264   mc_w.l
      1366          0          0          0          0       1136   mf_w.l
      1812        244        220          8          0      39191   msp432p4xx_driverlib.lib

    ----------------------------------------------------------------------
      5908        362        220          8          0      41591   Library Totals

    ----------------------------------------------------------------------

==============================================================================


      Code (inc. data)   RO Data    RW Data    ZI Data      Debug   

     13932       1488       3036        276        852     100998   Grand Totals
     13932       1488       3036        276        852     100998   ELF Image Totals
     13932       1488       3036        276          0          0   ROM Totals

==============================================================================

    Total RO  Size (Code + RO Data)                16968 (  16.57kB)
    Total RW  Size (RW Data + ZI Data)              1128 (   1.10kB)
    Total ROM Size (Code + RO Data + RW Data)      17244 (  16.84kB)

==============================================================================

