<html>
<body>
<pre>
<h1>�Vision Build Log</h1>
<h2>Tool Versions:</h2>
IDE-Version: ��Vision V5.25.2.0
Copyright (C) 2018 ARM Ltd and ARM Germany GmbH. All rights reserved.
License Information: Y ZX, whu, LIC=KRMW3-APSXI-743S0-BJYV3-XMR3L-9I9C8
 
Tool Versions:
Toolchain:       MDK-ARM Plus  Version: 5.25.2.0
Toolchain Path:  D:\EDC\mdk525_low\ARM\ARMCC\Bin
C Compiler:      Armcc.exe V5.06 update 6 (build 750)
Assembler:       Armasm.exe V5.06 update 6 (build 750)
Linker/Locator:  ArmLink.exe V5.06 update 6 (build 750)
Library Manager: ArmAr.exe V5.06 update 6 (build 750)
Hex Converter:   FromElf.exe V5.06 update 6 (build 750)
CPU DLL:         SARMCM3.DLL V5.25.2.0
Dialog DLL:      DCM.DLL V1.17.1.0
Target DLL:      CMSIS_AGDI.dll V1.29.10.0
Dialog DLL:      TCM.DLL V1.35.1.0
 
<h2>Project:</h2>
E:\project_MainControl\msp432\MyCar\project\keil\my_project.uvprojx
Project File Date:  07/11/2023

<h2>Output:</h2>
*** Using Compiler 'V5.06 update 6 (build 750)', folder: 'D:\EDC\mdk525_low\ARM\ARMCC\Bin'
Rebuild target 'my_project'
assembling startup_msp432p401r_uvision.s...
compiling system_msp432p401r.c...
compiling led.c...
compiling key.c...
compiling main.c...
compiling tim32.c...
compiling oled.c...
compiling key4x4.c...
compiling adc.c...
compiling usart1.c...
compiling timA.c...
compiling usart.c...
compiling usart2.c...
compiling usart3.c...
compiling Encoder.c...
compiling sysinit.c...
compiling delay.c...
compiling pwm.c...
compiling TimA0.c...
compiling pid.c...
compiling baudrate_calculate.c...
compiling Show.c...
compiling Sensor.c...
compiling Control.c...
..\..\Control\Control.c(102): warning:  #550-D: variable "flag_in1"  was set but never used
  		static int flag_in1=0;
..\..\Control\Control.c(218): warning:  #1035-D: single-precision operand implicitly converted to double-precision
  	Velocity_FL = (float)Rotation_Speed_FL*PI*Diameter_67;		//求出编码器速度=转�?*周长
..\..\Control\Control.c(220): warning:  #1035-D: single-precision operand implicitly converted to double-precision
  	Velocity_FR = (float)Rotation_Speed_FR*PI*Diameter_67;		//求出编码器速度=转�?*周长
..\..\Control\Control.c(223): warning:  #1035-D: single-precision operand implicitly converted to double-precision
  	Velocity_BL = (float)Rotation_Speed_BL*PI*Diameter_67;		//求出编码器速度=转�?*周长
..\..\Control\Control.c(225): warning:  #1035-D: single-precision operand implicitly converted to double-precision
  	Velocity_BR = (float)Rotation_Speed_BR*PI*Diameter_67;		//求出编码器速度=转�?*周长
..\..\Control\Control.c: 5 warnings, 0 errors
linking...
Program Size: Code=13932 RO-data=3036 RW-data=276 ZI-data=852  
After Build - User command #1: fromelf --bin --output .\Build\my_project_ROM.bin .\Build\my_project_ROM.axf
".\Build\my_project_rom.axf" - 0 Error(s), 5 Warning(s).

<h2>Software Packages used:</h2>

Package Vendor: ARM
                http://www.keil.com/pack/ARM.CMSIS.5.3.0.pack
                ARM.CMSIS.5.3.0
                CMSIS (Cortex Microcontroller Software Interface Standard)
   * Component: CORE Version: 5.1.1

Package Vendor: TexasInstruments
                http://software-dl.ti.com/msp430/msp430_public_sw/mcu/msp430/msp432cmsis/latest/exports/TexasInstruments.MSP432P4xx_DFP.3.2.6.pack
                TexasInstruments.MSP432P4xx_DFP.3.2.6
                Device Family Pack for Texas Instruments SimpleLink(TM) MSP432 Series

<h2>Collection of Component include folders:</h2>
  .\RTE\_my_project
  D:\EDC\mdk525_low\ARM\PACK\ARM\CMSIS\5.3.0\CMSIS\Include
  D:\EDC\mdk525_low\ARM\PACK\TexasInstruments\MSP432P4xx_DFP\3.2.6\Device\Include

<h2>Collection of Component Files used:</h2>

   * Component: ARM::CMSIS:CORE:5.1.1
Build Time Elapsed:  00:00:11
</pre>
</body>
</html>
